2026-02-25 13:47:17,141{GMT}	INFO	[jepsen test runner] jepsen.core: Test version 6180679f1954f3d7fa3863903779feb0dae32cca (plus uncommitted changes)
2026-02-25 13:47:17,141{GMT}	INFO	[jepsen test runner] jepsen.core: Command line:
lein run test -w lin-kv --bin ./target/debug/maelstrom --node-count 3 --time-limit 30 --rate 10 --concurrency 2n
2026-02-25 13:47:17,184{GMT}	INFO	[jepsen test runner] jepsen.core: Running test:
{:args []
 :remote
 #jepsen.control.retry.Remote{:remote #jepsen.control.scp.Remote{:cmd-remote #jepsen.control.sshj.SSHJRemote{:concurrency-limit 6,
                                                                                                             :conn-spec nil,
                                                                                                             :client nil,
                                                                                                             :semaphore nil},
                                                                 :conn-spec nil},
                              :conn nil}
 :log-net-send false
 :node-count 3
 :availability nil
 :max-txn-length 4
 :concurrency 6
 :db
 #object[maelstrom.db$db$reify__16612
         "0x1f299fc3"
         "maelstrom.db$db$reify__16612@1f299fc3"]
 :max-writes-per-key 16
 :leave-db-running? false
 :name "lin-kv"
 :logging-json? false
 :start-time
 #object[org.joda.time.DateTime "0x2c9573f1" "2026-02-25T13:47:17.088+01:00"]
 :nemesis-interval 10
 :net
 #object[maelstrom.net$jepsen_net$reify__15721
         "0x6cf58989"
         "maelstrom.net$jepsen_net$reify__15721@6cf58989"]
 :client
 #object[maelstrom.workload.lin_kv$client$reify__20973
         "0x3a1dc432"
         "maelstrom.workload.lin_kv$client$reify__20973@3a1dc432"]
 :barrier
 #object[java.util.concurrent.CyclicBarrier
         "0x4c18b432"
         "java.util.concurrent.CyclicBarrier@4c18b432"]
 :log-stderr false
 :pure-generators true
 :ssh {:dummy? true}
 :rate 10.0
 :checker
 #object[jepsen.checker$compose$reify__11089
         "0x4b954cbb"
         "jepsen.checker$compose$reify__11089@4b954cbb"]
 :argv
 ("test"
  "-w"
  "lin-kv"
  "--bin"
  "./target/debug/maelstrom"
  "--node-count"
  "3"
  "--time-limit"
  "30"
  "--rate"
  "10"
  "--concurrency"
  "2n")
 :nemesis
 (jepsen.nemesis.ReflCompose
  {:fm {:start-partition 0,
        :stop-partition 0,
        :kill 1,
        :start 1,
        :pause 1,
        :resume 1},
   :nemeses [#unprintable "jepsen.nemesis.combined$partition_nemesis$reify__16905@bec2d81"
             #unprintable "jepsen.nemesis.combined$db_nemesis$reify__16886@5f04449a"]})
 :nodes ["n0" "n1" "n2"]
 :test-count 1
 :latency {:mean 0, :dist :constant}
 :bin "./target/debug/maelstrom"
 :generator
 #object[jepsen.util.Forgettable
         "0x5aaecd25"
         (jepsen.generator.TimeLimit
          {:limit 30000000000,
           :cutoff nil,
           :gen (jepsen.generator.Any
                 {:gens [(jepsen.generator.OnThreads
                          {:f #{:nemesis},
                           :context-filter #object[jepsen.generator.context$make_thread_filter$lazy_filter__12077
                                                   "0x1df6f57d"
                                                   "jepsen.generator.context$make_thread_filter$lazy_filter__12077@1df6f57d"],
                           :gen nil})
                         (jepsen.generator.OnThreads
                          {:f #jepsen.generator.context.AllBut{:element :nemesis},
                           :context-filter #object[jepsen.generator.context$make_thread_filter$lazy_filter__12077
                                                   "0x578036a2"
                                                   "jepsen.generator.context$make_thread_filter$lazy_filter__12077@578036a2"],
                           :gen (jepsen.generator.Stagger
                                 {:dt 200000000,
                                  :next-time nil,
                                  :gen (jepsen.generator.OnThreads
                                        {:f #jepsen.generator.context.AllBut{:element :nemesis},
                                         :context-filter #object[jepsen.generator.context$make_thread_filter$lazy_filter__12077
                                                                 "0x36cc6055"
                                                                 "jepsen.generator.context$make_thread_filter$lazy_filter__12077@36cc6055"],
                                         :gen (jepsen.independent.ConcurrentGenerator
                                               {:n 6,
                                                :fgen #object[jepsen.tests.linearizable_register$test$fn__17385
                                                              "0x41d1bcbd"
                                                              "jepsen.tests.linearizable_register$test$fn__17385@41d1bcbd"],
                                                :group->threads nil,
                                                :thread->group nil,
                                                :group->context-filter nil,
                                                :keys (0 1 2 3 4 5 6 7 ...),
                                                :gens nil})})})})]})})]
 :log-net-recv false
 :os
 #object[maelstrom.net$jepsen_os$reify__15724
         "0x3d45ea17"
         "maelstrom.net$jepsen_os$reify__15724@3d45ea17"]
 :time-limit 30
 :workload :lin-kv
 :consistency-models [:strict-serializable]
 :topology :grid}

2026-02-25 13:47:18,014{GMT}	INFO	[jepsen node n0] maelstrom.net: Starting Maelstrom network
2026-02-25 13:47:18,015{GMT}	INFO	[jepsen test runner] jepsen.db: Tearing down DB
2026-02-25 13:47:18,015{GMT}	INFO	[jepsen test runner] jepsen.db: Setting up DB
2026-02-25 13:47:18,015{GMT}	INFO	[jepsen node n1] maelstrom.db: Setting up n1
2026-02-25 13:47:18,015{GMT}	INFO	[jepsen node n2] maelstrom.db: Setting up n2
2026-02-25 13:47:18,016{GMT}	INFO	[jepsen node n1] maelstrom.process: launching ./target/debug/maelstrom []
2026-02-25 13:47:18,016{GMT}	INFO	[jepsen node n2] maelstrom.process: launching ./target/debug/maelstrom []
2026-02-25 13:47:18,016{GMT}	INFO	[jepsen node n0] maelstrom.service: Starting services: (lin-kv lin-tso lww-kv seq-kv)
2026-02-25 13:47:18,017{GMT}	INFO	[jepsen node n0] maelstrom.db: Setting up n0
2026-02-25 13:47:18,017{GMT}	INFO	[jepsen node n0] maelstrom.process: launching ./target/debug/maelstrom []
2026-02-25 13:47:18,576{GMT}	INFO	[jepsen test runner] jepsen.core: Relative time begins now
2026-02-25 13:47:18,592{GMT}	INFO	[jepsen worker 0] jepsen.util: 0	:invoke	:read	[0 nil]
2026-02-25 13:47:18,714{GMT}	INFO	[jepsen worker 3] jepsen.util: 3	:invoke	:write	[0 4]
2026-02-25 13:47:18,866{GMT}	INFO	[jepsen worker 2] jepsen.util: 2	:invoke	:read	[0 nil]
2026-02-25 13:47:19,064{GMT}	INFO	[jepsen worker 1] jepsen.util: 1	:invoke	:read	[0 nil]
2026-02-25 13:47:19,151{GMT}	INFO	[jepsen worker 4] jepsen.util: 4	:invoke	:cas	[0 [2 4]]
2026-02-25 13:47:19,352{GMT}	INFO	[jepsen worker 5] jepsen.util: 5	:invoke	:cas	[0 [3 4]]
2026-02-25 13:47:19,600{GMT}	INFO	[jepsen worker 0] jepsen.util: 0	:fail	:read	[0 nil]	:net-timeout
2026-02-25 13:47:19,601{GMT}	INFO	[jepsen worker 0] jepsen.util: 0	:invoke	:read	[0 nil]
2026-02-25 13:47:19,719{GMT}	INFO	[jepsen worker 3] jepsen.util: 3	:info	:write	[0 4]	:net-timeout
2026-02-25 13:47:19,806{GMT}	INFO	[jepsen worker 3] jepsen.util: 9	:invoke	:cas	[0 [2 0]]
2026-02-25 13:47:19,870{GMT}	INFO	[jepsen worker 2] jepsen.util: 2	:fail	:read	[0 nil]	:net-timeout
2026-02-25 13:47:19,871{GMT}	INFO	[jepsen worker 2] jepsen.util: 2	:invoke	:read	[0 nil]
2026-02-25 13:47:20,071{GMT}	INFO	[jepsen worker 1] jepsen.util: 1	:fail	:read	[0 nil]	:net-timeout
2026-02-25 13:47:20,074{GMT}	INFO	[jepsen worker 1] jepsen.util: 1	:invoke	:read	[0 nil]
2026-02-25 13:47:20,155{GMT}	INFO	[jepsen worker 4] jepsen.util: 4	:info	:cas	[0 [2 4]]	:net-timeout
2026-02-25 13:47:20,156{GMT}	INFO	[jepsen worker 4] jepsen.util: 10	:invoke	:cas	[0 [0 0]]
2026-02-25 13:47:20,356{GMT}	INFO	[jepsen worker 5] jepsen.util: 5	:info	:cas	[0 [3 4]]	:net-timeout
2026-02-25 13:47:20,356{GMT}	INFO	[jepsen worker 5] jepsen.util: 11	:invoke	:cas	[0 [0 0]]
2026-02-25 13:47:20,603{GMT}	INFO	[jepsen worker 0] jepsen.util: 0	:fail	:read	[0 nil]	:net-timeout
2026-02-25 13:47:20,604{GMT}	INFO	[jepsen worker 0] jepsen.util: 0	:invoke	:read	[0 nil]
2026-02-25 13:47:20,812{GMT}	INFO	[jepsen worker 3] jepsen.util: 9	:info	:cas	[0 [2 0]]	:net-timeout
2026-02-25 13:47:20,813{GMT}	INFO	[jepsen worker 3] jepsen.util: 15	:invoke	:cas	[0 [3 4]]
2026-02-25 13:47:20,876{GMT}	INFO	[jepsen worker 2] jepsen.util: 2	:fail	:read	[0 nil]	:net-timeout
2026-02-25 13:47:20,978{GMT}	INFO	[jepsen worker 2] jepsen.util: 2	:invoke	:read	[0 nil]
2026-02-25 13:47:21,075{GMT}	INFO	[jepsen worker 1] jepsen.util: 1	:fail	:read	[0 nil]	:net-timeout
2026-02-25 13:47:21,076{GMT}	INFO	[jepsen worker 1] jepsen.util: 1	:invoke	:read	[0 nil]
2026-02-25 13:47:21,161{GMT}	INFO	[jepsen worker 4] jepsen.util: 10	:info	:cas	[0 [0 0]]	:net-timeout
2026-02-25 13:47:21,252{GMT}	INFO	[jepsen worker 4] jepsen.util: 16	:invoke	:cas	[0 [1 0]]
2026-02-25 13:47:21,362{GMT}	INFO	[jepsen worker 5] jepsen.util: 11	:info	:cas	[0 [0 0]]	:net-timeout
2026-02-25 13:47:21,363{GMT}	INFO	[jepsen worker 5] jepsen.util: 17	:invoke	:cas	[0 [2 4]]
2026-02-25 13:47:21,605{GMT}	INFO	[jepsen worker 0] jepsen.util: 0	:fail	:read	[0 nil]	:net-timeout
2026-02-25 13:47:21,606{GMT}	INFO	[jepsen worker 0] jepsen.util: 0	:invoke	:read	[0 nil]
2026-02-25 13:47:21,818{GMT}	INFO	[jepsen worker 3] jepsen.util: 15	:info	:cas	[0 [3 4]]	:net-timeout
2026-02-25 13:47:21,819{GMT}	INFO	[jepsen worker 3] jepsen.util: 21	:invoke	:write	[0 0]
2026-02-25 13:47:21,983{GMT}	INFO	[jepsen worker 2] jepsen.util: 2	:fail	:read	[0 nil]	:net-timeout
2026-02-25 13:47:21,983{GMT}	INFO	[jepsen worker 2] jepsen.util: 2	:invoke	:read	[0 nil]
2026-02-25 13:47:22,081{GMT}	INFO	[jepsen worker 1] jepsen.util: 1	:fail	:read	[0 nil]	:net-timeout
2026-02-25 13:47:22,175{GMT}	INFO	[jepsen worker 1] jepsen.util: 1	:invoke	:read	[0 nil]
2026-02-25 13:47:22,258{GMT}	INFO	[jepsen worker 4] jepsen.util: 16	:info	:cas	[0 [1 0]]	:net-timeout
2026-02-25 13:47:22,324{GMT}	INFO	[jepsen worker 4] jepsen.util: 22	:invoke	:cas	[0 [4 2]]
2026-02-25 13:47:22,365{GMT}	INFO	[jepsen worker 5] jepsen.util: 17	:info	:cas	[0 [2 4]]	:net-timeout
2026-02-25 13:47:22,365{GMT}	INFO	[jepsen worker 5] jepsen.util: 23	:invoke	:write	[0 0]
2026-02-25 13:47:22,611{GMT}	INFO	[jepsen worker 0] jepsen.util: 0	:fail	:read	[0 nil]	:net-timeout
2026-02-25 13:47:22,611{GMT}	INFO	[jepsen worker 0] jepsen.util: 0	:invoke	:read	[0 nil]
2026-02-25 13:47:22,825{GMT}	INFO	[jepsen worker 3] jepsen.util: 21	:info	:write	[0 0]	:net-timeout
2026-02-25 13:47:22,826{GMT}	INFO	[jepsen worker 3] jepsen.util: 27	:invoke	:cas	[0 [4 3]]
2026-02-25 13:47:22,985{GMT}	INFO	[jepsen worker 2] jepsen.util: 2	:fail	:read	[0 nil]	:net-timeout
2026-02-25 13:47:22,985{GMT}	INFO	[jepsen worker 2] jepsen.util: 2	:invoke	:read	[0 nil]
2026-02-25 13:47:23,177{GMT}	INFO	[jepsen worker 1] jepsen.util: 1	:fail	:read	[0 nil]	:net-timeout
2026-02-25 13:47:23,181{GMT}	INFO	[jepsen worker 1] jepsen.util: 1	:invoke	:read	[0 nil]
2026-02-25 13:47:23,328{GMT}	INFO	[jepsen worker 4] jepsen.util: 22	:info	:cas	[0 [4 2]]	:net-timeout
2026-02-25 13:47:23,330{GMT}	INFO	[jepsen worker 4] jepsen.util: 28	:invoke	:cas	[0 [4 1]]
2026-02-25 13:47:23,367{GMT}	INFO	[jepsen worker 5] jepsen.util: 23	:info	:write	[0 0]	:net-timeout
2026-02-25 13:47:23,516{GMT}	INFO	[jepsen worker 5] jepsen.util: 29	:invoke	:cas	[0 [4 0]]
2026-02-25 13:47:23,615{GMT}	INFO	[jepsen worker 0] jepsen.util: 0	:fail	:read	[0 nil]	:net-timeout
2026-02-25 13:47:23,615{GMT}	INFO	[jepsen worker 0] jepsen.util: 0	:invoke	:read	[0 nil]
2026-02-25 13:47:23,827{GMT}	INFO	[jepsen worker 3] jepsen.util: 27	:info	:cas	[0 [4 3]]	:net-timeout
2026-02-25 13:47:23,828{GMT}	INFO	[jepsen worker 3] jepsen.util: 33	:invoke	:write	[0 1]
2026-02-25 13:47:23,991{GMT}	INFO	[jepsen worker 2] jepsen.util: 2	:fail	:read	[0 nil]	:net-timeout
2026-02-25 13:47:23,991{GMT}	INFO	[jepsen worker 2] jepsen.util: 2	:invoke	:read	[0 nil]
2026-02-25 13:47:24,183{GMT}	INFO	[jepsen worker 1] jepsen.util: 1	:fail	:read	[0 nil]	:net-timeout
2026-02-25 13:47:24,184{GMT}	INFO	[jepsen worker 1] jepsen.util: 1	:invoke	:read	[0 nil]
2026-02-25 13:47:24,335{GMT}	INFO	[jepsen worker 4] jepsen.util: 28	:info	:cas	[0 [4 1]]	:net-timeout
2026-02-25 13:47:24,361{GMT}	INFO	[jepsen worker 4] jepsen.util: 34	:invoke	:cas	[0 [0 0]]
2026-02-25 13:47:24,522{GMT}	INFO	[jepsen worker 5] jepsen.util: 29	:info	:cas	[0 [4 0]]	:net-timeout
2026-02-25 13:47:24,524{GMT}	INFO	[jepsen worker 5] jepsen.util: 35	:invoke	:write	[1 2]
2026-02-25 13:47:24,617{GMT}	INFO	[jepsen worker 0] jepsen.util: 0	:fail	:read	[0 nil]	:net-timeout
2026-02-25 13:47:24,618{GMT}	INFO	[jepsen worker 0] jepsen.util: 0	:invoke	:read	[1 nil]
2026-02-25 13:47:24,832{GMT}	INFO	[jepsen worker 3] jepsen.util: 33	:info	:write	[0 1]	:net-timeout
2026-02-25 13:47:24,834{GMT}	INFO	[jepsen worker 3] jepsen.util: 39	:invoke	:cas	[1 [1 2]]
2026-02-25 13:47:24,996{GMT}	INFO	[jepsen worker 2] jepsen.util: 2	:fail	:read	[0 nil]	:net-timeout
2026-02-25 13:47:24,996{GMT}	INFO	[jepsen worker 2] jepsen.util: 2	:invoke	:read	[1 nil]
2026-02-25 13:47:25,188{GMT}	INFO	[jepsen worker 1] jepsen.util: 1	:fail	:read	[0 nil]	:net-timeout
2026-02-25 13:47:25,189{GMT}	INFO	[jepsen worker 1] jepsen.util: 1	:invoke	:read	[1 nil]
2026-02-25 13:47:25,365{GMT}	INFO	[jepsen worker 4] jepsen.util: 34	:info	:cas	[0 [0 0]]	:net-timeout
2026-02-25 13:47:25,366{GMT}	INFO	[jepsen worker 4] jepsen.util: 40	:invoke	:cas	[1 [2 0]]
2026-02-25 13:47:25,530{GMT}	INFO	[jepsen worker 5] jepsen.util: 35	:info	:write	[1 2]	:net-timeout
2026-02-25 13:47:25,531{GMT}	INFO	[jepsen worker 5] jepsen.util: 41	:invoke	:write	[1 3]
2026-02-25 13:47:25,624{GMT}	INFO	[jepsen worker 0] jepsen.util: 0	:fail	:read	[1 nil]	:net-timeout
2026-02-25 13:47:25,625{GMT}	INFO	[jepsen worker 0] jepsen.util: 0	:invoke	:read	[1 nil]
2026-02-25 13:47:25,837{GMT}	INFO	[jepsen worker 3] jepsen.util: 39	:info	:cas	[1 [1 2]]	:net-timeout
2026-02-25 13:47:25,838{GMT}	INFO	[jepsen worker 3] jepsen.util: 45	:invoke	:cas	[1 [3 2]]
2026-02-25 13:47:26,001{GMT}	INFO	[jepsen worker 2] jepsen.util: 2	:fail	:read	[1 nil]	:net-timeout
2026-02-25 13:47:26,030{GMT}	INFO	[jepsen worker 2] jepsen.util: 2	:invoke	:read	[1 nil]
2026-02-25 13:47:26,191{GMT}	INFO	[jepsen worker 1] jepsen.util: 1	:fail	:read	[1 nil]	:net-timeout
2026-02-25 13:47:26,191{GMT}	INFO	[jepsen worker 1] jepsen.util: 1	:invoke	:read	[1 nil]
2026-02-25 13:47:26,368{GMT}	INFO	[jepsen worker 4] jepsen.util: 40	:info	:cas	[1 [2 0]]	:net-timeout
2026-02-25 13:47:26,368{GMT}	INFO	[jepsen worker 4] jepsen.util: 46	:invoke	:cas	[1 [1 0]]
2026-02-25 13:47:26,536{GMT}	INFO	[jepsen worker 5] jepsen.util: 41	:info	:write	[1 3]	:net-timeout
2026-02-25 13:47:26,552{GMT}	INFO	[jepsen worker 5] jepsen.util: 47	:invoke	:cas	[1 [0 2]]
2026-02-25 13:47:26,630{GMT}	INFO	[jepsen worker 0] jepsen.util: 0	:fail	:read	[1 nil]	:net-timeout
2026-02-25 13:47:26,675{GMT}	INFO	[jepsen worker 0] jepsen.util: 0	:invoke	:read	[1 nil]
2026-02-25 13:47:26,840{GMT}	INFO	[jepsen worker 3] jepsen.util: 45	:info	:cas	[1 [3 2]]	:net-timeout
2026-02-25 13:47:26,841{GMT}	INFO	[jepsen worker 3] jepsen.util: 51	:invoke	:write	[1 3]
2026-02-25 13:47:27,031{GMT}	INFO	[jepsen worker 2] jepsen.util: 2	:fail	:read	[1 nil]	:net-timeout
2026-02-25 13:47:27,031{GMT}	INFO	[jepsen worker 2] jepsen.util: 2	:invoke	:read	[1 nil]
2026-02-25 13:47:27,195{GMT}	INFO	[jepsen worker 1] jepsen.util: 1	:fail	:read	[1 nil]	:net-timeout
2026-02-25 13:47:27,196{GMT}	INFO	[jepsen worker 1] jepsen.util: 1	:invoke	:read	[1 nil]
2026-02-25 13:47:27,372{GMT}	INFO	[jepsen worker 4] jepsen.util: 46	:info	:cas	[1 [1 0]]	:net-timeout
2026-02-25 13:47:27,373{GMT}	INFO	[jepsen worker 4] jepsen.util: 52	:invoke	:cas	[1 [1 0]]
2026-02-25 13:47:27,558{GMT}	INFO	[jepsen worker 5] jepsen.util: 47	:info	:cas	[1 [0 2]]	:net-timeout
2026-02-25 13:47:27,559{GMT}	INFO	[jepsen worker 5] jepsen.util: 53	:invoke	:cas	[1 [4 3]]
2026-02-25 13:47:27,680{GMT}	INFO	[jepsen worker 0] jepsen.util: 0	:fail	:read	[1 nil]	:net-timeout
2026-02-25 13:47:27,756{GMT}	INFO	[jepsen worker 0] jepsen.util: 0	:invoke	:read	[1 nil]
2026-02-25 13:47:27,845{GMT}	INFO	[jepsen worker 3] jepsen.util: 51	:info	:write	[1 3]	:net-timeout
2026-02-25 13:47:27,909{GMT}	INFO	[jepsen worker 3] jepsen.util: 57	:invoke	:cas	[1 [1 1]]
2026-02-25 13:47:28,036{GMT}	INFO	[jepsen worker 2] jepsen.util: 2	:fail	:read	[1 nil]	:net-timeout
2026-02-25 13:47:28,079{GMT}	INFO	[jepsen worker 2] jepsen.util: 2	:invoke	:read	[1 nil]
2026-02-25 13:47:28,201{GMT}	INFO	[jepsen worker 1] jepsen.util: 1	:fail	:read	[1 nil]	:net-timeout
2026-02-25 13:47:28,201{GMT}	INFO	[jepsen worker 1] jepsen.util: 1	:invoke	:read	[1 nil]
2026-02-25 13:47:28,375{GMT}	INFO	[jepsen worker 4] jepsen.util: 52	:info	:cas	[1 [1 0]]	:net-timeout
2026-02-25 13:47:28,376{GMT}	INFO	[jepsen worker 4] jepsen.util: 58	:invoke	:cas	[1 [4 0]]
2026-02-25 13:47:28,561{GMT}	INFO	[jepsen worker 5] jepsen.util: 53	:info	:cas	[1 [4 3]]	:net-timeout
2026-02-25 13:47:28,561{GMT}	INFO	[jepsen worker 5] jepsen.util: 59	:invoke	:write	[1 1]
2026-02-25 13:47:28,761{GMT}	INFO	[jepsen worker 0] jepsen.util: 0	:fail	:read	[1 nil]	:net-timeout
2026-02-25 13:47:28,761{GMT}	INFO	[jepsen worker 0] jepsen.util: 0	:invoke	:read	[1 nil]
2026-02-25 13:47:28,910{GMT}	INFO	[jepsen worker 3] jepsen.util: 57	:info	:cas	[1 [1 1]]	:net-timeout
2026-02-25 13:47:28,910{GMT}	INFO	[jepsen worker 3] jepsen.util: 63	:invoke	:cas	[1 [1 4]]
2026-02-25 13:47:29,083{GMT}	INFO	[jepsen worker 2] jepsen.util: 2	:fail	:read	[1 nil]	:net-timeout
2026-02-25 13:47:29,084{GMT}	INFO	[jepsen worker 2] jepsen.util: 2	:invoke	:read	[1 nil]
2026-02-25 13:47:29,206{GMT}	INFO	[jepsen worker 1] jepsen.util: 1	:fail	:read	[1 nil]	:net-timeout
2026-02-25 13:47:29,259{GMT}	INFO	[jepsen worker 1] jepsen.util: 1	:invoke	:read	[1 nil]
2026-02-25 13:47:29,379{GMT}	INFO	[jepsen worker 4] jepsen.util: 58	:info	:cas	[1 [4 0]]	:net-timeout
2026-02-25 13:47:29,380{GMT}	INFO	[jepsen worker 4] jepsen.util: 64	:invoke	:write	[1 0]
2026-02-25 13:47:29,567{GMT}	INFO	[jepsen worker 5] jepsen.util: 59	:info	:write	[1 1]	:net-timeout
2026-02-25 13:47:29,569{GMT}	INFO	[jepsen worker 5] jepsen.util: 65	:invoke	:cas	[2 [4 0]]
2026-02-25 13:47:29,761{GMT}	INFO	[jepsen worker 0] jepsen.util: 0	:fail	:read	[1 nil]	:net-timeout
2026-02-25 13:47:29,761{GMT}	INFO	[jepsen worker 0] jepsen.util: 0	:invoke	:read	[2 nil]
2026-02-25 13:47:29,913{GMT}	INFO	[jepsen worker 3] jepsen.util: 63	:info	:cas	[1 [1 4]]	:net-timeout
2026-02-25 13:47:29,913{GMT}	INFO	[jepsen worker 3] jepsen.util: 69	:invoke	:write	[2 1]
2026-02-25 13:47:30,089{GMT}	INFO	[jepsen worker 2] jepsen.util: 2	:fail	:read	[1 nil]	:net-timeout
2026-02-25 13:47:30,089{GMT}	INFO	[jepsen worker 2] jepsen.util: 2	:invoke	:read	[2 nil]
2026-02-25 13:47:30,261{GMT}	INFO	[jepsen worker 1] jepsen.util: 1	:fail	:read	[1 nil]	:net-timeout
2026-02-25 13:47:30,262{GMT}	INFO	[jepsen worker 1] jepsen.util: 1	:invoke	:read	[2 nil]
2026-02-25 13:47:30,383{GMT}	INFO	[jepsen worker 4] jepsen.util: 64	:info	:write	[1 0]	:net-timeout
2026-02-25 13:47:30,383{GMT}	INFO	[jepsen worker 4] jepsen.util: 70	:invoke	:cas	[2 [0 4]]
2026-02-25 13:47:30,575{GMT}	INFO	[jepsen worker 5] jepsen.util: 65	:info	:cas	[2 [4 0]]	:net-timeout
2026-02-25 13:47:30,576{GMT}	INFO	[jepsen worker 5] jepsen.util: 71	:invoke	:cas	[2 [1 3]]
2026-02-25 13:47:30,762{GMT}	INFO	[jepsen worker 0] jepsen.util: 0	:fail	:read	[2 nil]	:net-timeout
2026-02-25 13:47:30,763{GMT}	INFO	[jepsen worker 0] jepsen.util: 0	:invoke	:read	[2 nil]
2026-02-25 13:47:30,919{GMT}	INFO	[jepsen worker 3] jepsen.util: 69	:info	:write	[2 1]	:net-timeout
2026-02-25 13:47:30,919{GMT}	INFO	[jepsen worker 3] jepsen.util: 75	:invoke	:cas	[2 [2 1]]
2026-02-25 13:47:31,094{GMT}	INFO	[jepsen worker 2] jepsen.util: 2	:fail	:read	[2 nil]	:net-timeout
2026-02-25 13:47:31,095{GMT}	INFO	[jepsen worker 2] jepsen.util: 2	:invoke	:read	[2 nil]
2026-02-25 13:47:31,262{GMT}	INFO	[jepsen worker 1] jepsen.util: 1	:fail	:read	[2 nil]	:net-timeout
2026-02-25 13:47:31,262{GMT}	INFO	[jepsen worker 1] jepsen.util: 1	:invoke	:read	[2 nil]
2026-02-25 13:47:31,384{GMT}	INFO	[jepsen worker 4] jepsen.util: 70	:info	:cas	[2 [0 4]]	:net-timeout
2026-02-25 13:47:31,414{GMT}	INFO	[jepsen worker 4] jepsen.util: 76	:invoke	:cas	[2 [1 0]]
2026-02-25 13:47:31,582{GMT}	INFO	[jepsen worker 5] jepsen.util: 71	:info	:cas	[2 [1 3]]	:net-timeout
2026-02-25 13:47:31,583{GMT}	INFO	[jepsen worker 5] jepsen.util: 77	:invoke	:cas	[2 [0 4]]
2026-02-25 13:47:31,769{GMT}	INFO	[jepsen worker 0] jepsen.util: 0	:fail	:read	[2 nil]	:net-timeout
2026-02-25 13:47:31,770{GMT}	INFO	[jepsen worker 0] jepsen.util: 0	:invoke	:read	[2 nil]
2026-02-25 13:47:31,924{GMT}	INFO	[jepsen worker 3] jepsen.util: 75	:info	:cas	[2 [2 1]]	:net-timeout
2026-02-25 13:47:31,925{GMT}	INFO	[jepsen worker 3] jepsen.util: 81	:invoke	:cas	[2 [2 1]]
2026-02-25 13:47:32,098{GMT}	INFO	[jepsen worker 2] jepsen.util: 2	:fail	:read	[2 nil]	:net-timeout
2026-02-25 13:47:32,099{GMT}	INFO	[jepsen worker 2] jepsen.util: 2	:invoke	:read	[2 nil]
2026-02-25 13:47:32,268{GMT}	INFO	[jepsen worker 1] jepsen.util: 1	:fail	:read	[2 nil]	:net-timeout
2026-02-25 13:47:32,295{GMT}	INFO	[jepsen worker 1] jepsen.util: 1	:invoke	:read	[2 nil]
2026-02-25 13:47:32,418{GMT}	INFO	[jepsen worker 4] jepsen.util: 76	:info	:cas	[2 [1 0]]	:net-timeout
2026-02-25 13:47:32,419{GMT}	INFO	[jepsen worker 4] jepsen.util: 82	:invoke	:cas	[2 [4 0]]
2026-02-25 13:47:32,586{GMT}	INFO	[jepsen worker 5] jepsen.util: 77	:info	:cas	[2 [0 4]]	:net-timeout
2026-02-25 13:47:32,586{GMT}	INFO	[jepsen worker 5] jepsen.util: 83	:invoke	:cas	[2 [2 2]]
2026-02-25 13:47:32,775{GMT}	INFO	[jepsen worker 0] jepsen.util: 0	:fail	:read	[2 nil]	:net-timeout
2026-02-25 13:47:32,776{GMT}	INFO	[jepsen worker 0] jepsen.util: 0	:invoke	:read	[2 nil]
2026-02-25 13:47:32,930{GMT}	INFO	[jepsen worker 3] jepsen.util: 81	:info	:cas	[2 [2 1]]	:net-timeout
2026-02-25 13:47:32,931{GMT}	INFO	[jepsen worker 3] jepsen.util: 87	:invoke	:cas	[2 [0 2]]
2026-02-25 13:47:33,101{GMT}	INFO	[jepsen worker 2] jepsen.util: 2	:fail	:read	[2 nil]	:net-timeout
2026-02-25 13:47:33,123{GMT}	INFO	[jepsen worker 2] jepsen.util: 2	:invoke	:read	[2 nil]
2026-02-25 13:47:33,299{GMT}	INFO	[jepsen worker 1] jepsen.util: 1	:fail	:read	[2 nil]	:net-timeout
2026-02-25 13:47:33,300{GMT}	INFO	[jepsen worker 1] jepsen.util: 1	:invoke	:read	[2 nil]
2026-02-25 13:47:33,424{GMT}	INFO	[jepsen worker 4] jepsen.util: 82	:info	:cas	[2 [4 0]]	:net-timeout
2026-02-25 13:47:33,453{GMT}	INFO	[jepsen worker 4] jepsen.util: 88	:invoke	:write	[2 2]
2026-02-25 13:47:33,591{GMT}	INFO	[jepsen worker 5] jepsen.util: 83	:info	:cas	[2 [2 2]]	:net-timeout
2026-02-25 13:47:33,592{GMT}	INFO	[jepsen worker 5] jepsen.util: 89	:invoke	:write	[2 1]
2026-02-25 13:47:33,778{GMT}	INFO	[jepsen worker 0] jepsen.util: 0	:fail	:read	[2 nil]	:net-timeout
2026-02-25 13:47:33,779{GMT}	INFO	[jepsen worker 0] jepsen.util: 0	:invoke	:read	[2 nil]
2026-02-25 13:47:33,932{GMT}	INFO	[jepsen worker 3] jepsen.util: 87	:info	:cas	[2 [0 2]]	:net-timeout
2026-02-25 13:47:33,932{GMT}	INFO	[jepsen worker 3] jepsen.util: 93	:invoke	:cas	[2 [3 2]]
2026-02-25 13:47:34,127{GMT}	INFO	[jepsen worker 2] jepsen.util: 2	:fail	:read	[2 nil]	:net-timeout
2026-02-25 13:47:34,128{GMT}	INFO	[jepsen worker 2] jepsen.util: 2	:invoke	:read	[2 nil]
2026-02-25 13:47:34,306{GMT}	INFO	[jepsen worker 1] jepsen.util: 1	:fail	:read	[2 nil]	:net-timeout
2026-02-25 13:47:34,307{GMT}	INFO	[jepsen worker 1] jepsen.util: 1	:invoke	:read	[2 nil]
2026-02-25 13:47:34,459{GMT}	INFO	[jepsen worker 4] jepsen.util: 88	:info	:write	[2 2]	:net-timeout
2026-02-25 13:47:34,460{GMT}	INFO	[jepsen worker 4] jepsen.util: 94	:invoke	:write	[2 2]
2026-02-25 13:47:34,596{GMT}	INFO	[jepsen worker 5] jepsen.util: 89	:info	:write	[2 1]	:net-timeout
2026-02-25 13:47:34,598{GMT}	INFO	[jepsen worker 5] jepsen.util: 95	:invoke	:cas	[3 [3 0]]
2026-02-25 13:47:34,780{GMT}	INFO	[jepsen worker 0] jepsen.util: 0	:fail	:read	[2 nil]	:net-timeout
2026-02-25 13:47:34,781{GMT}	INFO	[jepsen worker 0] jepsen.util: 0	:invoke	:read	[3 nil]
2026-02-25 13:47:34,937{GMT}	INFO	[jepsen worker 3] jepsen.util: 93	:info	:cas	[2 [3 2]]	:net-timeout
2026-02-25 13:47:34,937{GMT}	INFO	[jepsen worker 3] jepsen.util: 99	:invoke	:cas	[3 [3 0]]
2026-02-25 13:47:35,132{GMT}	INFO	[jepsen worker 2] jepsen.util: 2	:fail	:read	[2 nil]	:net-timeout
2026-02-25 13:47:35,132{GMT}	INFO	[jepsen worker 2] jepsen.util: 2	:invoke	:read	[3 nil]
2026-02-25 13:47:35,308{GMT}	INFO	[jepsen worker 1] jepsen.util: 1	:fail	:read	[2 nil]	:net-timeout
2026-02-25 13:47:35,308{GMT}	INFO	[jepsen worker 1] jepsen.util: 1	:invoke	:read	[3 nil]
2026-02-25 13:47:35,463{GMT}	INFO	[jepsen worker 4] jepsen.util: 94	:info	:write	[2 2]	:net-timeout
2026-02-25 13:47:35,488{GMT}	INFO	[jepsen worker 4] jepsen.util: 100	:invoke	:cas	[3 [4 3]]
2026-02-25 13:47:35,603{GMT}	INFO	[jepsen worker 5] jepsen.util: 95	:info	:cas	[3 [3 0]]	:net-timeout
2026-02-25 13:47:35,604{GMT}	INFO	[jepsen worker 5] jepsen.util: 101	:invoke	:cas	[3 [0 1]]
2026-02-25 13:47:35,785{GMT}	INFO	[jepsen worker 0] jepsen.util: 0	:fail	:read	[3 nil]	:net-timeout
2026-02-25 13:47:35,785{GMT}	INFO	[jepsen worker 0] jepsen.util: 0	:invoke	:read	[3 nil]
2026-02-25 13:47:35,939{GMT}	INFO	[jepsen worker 3] jepsen.util: 99	:info	:cas	[3 [3 0]]	:net-timeout
2026-02-25 13:47:35,939{GMT}	INFO	[jepsen worker 3] jepsen.util: 105	:invoke	:cas	[3 [3 4]]
2026-02-25 13:47:36,133{GMT}	INFO	[jepsen worker 2] jepsen.util: 2	:fail	:read	[3 nil]	:net-timeout
2026-02-25 13:47:36,134{GMT}	INFO	[jepsen worker 2] jepsen.util: 2	:invoke	:read	[3 nil]
2026-02-25 13:47:36,312{GMT}	INFO	[jepsen worker 1] jepsen.util: 1	:fail	:read	[3 nil]	:net-timeout
2026-02-25 13:47:36,313{GMT}	INFO	[jepsen worker 1] jepsen.util: 1	:invoke	:read	[3 nil]
2026-02-25 13:47:36,489{GMT}	INFO	[jepsen worker 4] jepsen.util: 100	:info	:cas	[3 [4 3]]	:net-timeout
2026-02-25 13:47:36,489{GMT}	INFO	[jepsen worker 4] jepsen.util: 106	:invoke	:cas	[3 [2 4]]
2026-02-25 13:47:36,604{GMT}	INFO	[jepsen worker 5] jepsen.util: 101	:info	:cas	[3 [0 1]]	:net-timeout
2026-02-25 13:47:36,604{GMT}	INFO	[jepsen worker 5] jepsen.util: 107	:invoke	:cas	[3 [3 1]]
2026-02-25 13:47:36,789{GMT}	INFO	[jepsen worker 0] jepsen.util: 0	:fail	:read	[3 nil]	:net-timeout
2026-02-25 13:47:36,790{GMT}	INFO	[jepsen worker 0] jepsen.util: 0	:invoke	:read	[3 nil]
2026-02-25 13:47:36,941{GMT}	INFO	[jepsen worker 3] jepsen.util: 105	:info	:cas	[3 [3 4]]	:net-timeout
2026-02-25 13:47:36,942{GMT}	INFO	[jepsen worker 3] jepsen.util: 111	:invoke	:cas	[3 [2 3]]
2026-02-25 13:47:37,136{GMT}	INFO	[jepsen worker 2] jepsen.util: 2	:fail	:read	[3 nil]	:net-timeout
2026-02-25 13:47:37,138{GMT}	INFO	[jepsen worker 2] jepsen.util: 2	:invoke	:read	[3 nil]
2026-02-25 13:47:37,320{GMT}	INFO	[jepsen worker 1] jepsen.util: 1	:fail	:read	[3 nil]	:net-timeout
2026-02-25 13:47:37,321{GMT}	INFO	[jepsen worker 1] jepsen.util: 1	:invoke	:read	[3 nil]
2026-02-25 13:47:37,494{GMT}	INFO	[jepsen worker 4] jepsen.util: 106	:info	:cas	[3 [2 4]]	:net-timeout
2026-02-25 13:47:37,494{GMT}	INFO	[jepsen worker 4] jepsen.util: 112	:invoke	:cas	[3 [3 4]]
2026-02-25 13:47:37,607{GMT}	INFO	[jepsen worker 5] jepsen.util: 107	:info	:cas	[3 [3 1]]	:net-timeout
2026-02-25 13:47:37,653{GMT}	INFO	[jepsen worker 5] jepsen.util: 113	:invoke	:write	[3 1]
2026-02-25 13:47:37,794{GMT}	INFO	[jepsen worker 0] jepsen.util: 0	:fail	:read	[3 nil]	:net-timeout
2026-02-25 13:47:37,795{GMT}	INFO	[jepsen worker 0] jepsen.util: 0	:invoke	:read	[3 nil]
2026-02-25 13:47:37,945{GMT}	INFO	[jepsen worker 3] jepsen.util: 111	:info	:cas	[3 [2 3]]	:net-timeout
2026-02-25 13:47:37,946{GMT}	INFO	[jepsen worker 3] jepsen.util: 117	:invoke	:cas	[3 [2 3]]
2026-02-25 13:47:38,141{GMT}	INFO	[jepsen worker 2] jepsen.util: 2	:fail	:read	[3 nil]	:net-timeout
2026-02-25 13:47:38,141{GMT}	INFO	[jepsen worker 2] jepsen.util: 2	:invoke	:read	[3 nil]
2026-02-25 13:47:38,326{GMT}	INFO	[jepsen worker 1] jepsen.util: 1	:fail	:read	[3 nil]	:net-timeout
2026-02-25 13:47:38,327{GMT}	INFO	[jepsen worker 1] jepsen.util: 1	:invoke	:read	[3 nil]
2026-02-25 13:47:38,499{GMT}	INFO	[jepsen worker 4] jepsen.util: 112	:info	:cas	[3 [3 4]]	:net-timeout
2026-02-25 13:47:38,504{GMT}	INFO	[jepsen worker 4] jepsen.util: 118	:invoke	:cas	[3 [4 4]]
2026-02-25 13:47:38,659{GMT}	INFO	[jepsen worker 5] jepsen.util: 113	:info	:write	[3 1]	:net-timeout
2026-02-25 13:47:38,702{GMT}	INFO	[jepsen worker 5] jepsen.util: 119	:invoke	:write	[3 1]
2026-02-25 13:47:38,800{GMT}	INFO	[jepsen worker 0] jepsen.util: 0	:fail	:read	[3 nil]	:net-timeout
2026-02-25 13:47:38,802{GMT}	INFO	[jepsen worker 0] jepsen.util: 0	:invoke	:read	[3 nil]
2026-02-25 13:47:38,951{GMT}	INFO	[jepsen worker 3] jepsen.util: 117	:info	:cas	[3 [2 3]]	:net-timeout
2026-02-25 13:47:38,951{GMT}	INFO	[jepsen worker 3] jepsen.util: 123	:invoke	:cas	[3 [1 1]]
2026-02-25 13:47:39,146{GMT}	INFO	[jepsen worker 2] jepsen.util: 2	:fail	:read	[3 nil]	:net-timeout
2026-02-25 13:47:39,146{GMT}	INFO	[jepsen worker 2] jepsen.util: 2	:invoke	:read	[3 nil]
2026-02-25 13:47:39,331{GMT}	INFO	[jepsen worker 1] jepsen.util: 1	:fail	:read	[3 nil]	:net-timeout
2026-02-25 13:47:39,331{GMT}	INFO	[jepsen worker 1] jepsen.util: 1	:invoke	:read	[3 nil]
2026-02-25 13:47:39,509{GMT}	INFO	[jepsen worker 4] jepsen.util: 118	:info	:cas	[3 [4 4]]	:net-timeout
2026-02-25 13:47:39,510{GMT}	INFO	[jepsen worker 4] jepsen.util: 124	:invoke	:cas	[3 [4 4]]
2026-02-25 13:47:39,704{GMT}	INFO	[jepsen worker 5] jepsen.util: 119	:info	:write	[3 1]	:net-timeout
2026-02-25 13:47:39,705{GMT}	INFO	[jepsen worker 5] jepsen.util: 125	:invoke	:cas	[4 [0 1]]
2026-02-25 13:47:39,807{GMT}	INFO	[jepsen worker 0] jepsen.util: 0	:fail	:read	[3 nil]	:net-timeout
2026-02-25 13:47:39,809{GMT}	INFO	[jepsen worker 0] jepsen.util: 0	:invoke	:read	[4 nil]
2026-02-25 13:47:39,953{GMT}	INFO	[jepsen worker 3] jepsen.util: 123	:info	:cas	[3 [1 1]]	:net-timeout
2026-02-25 13:47:40,008{GMT}	INFO	[jepsen worker 3] jepsen.util: 129	:invoke	:cas	[4 [1 2]]
2026-02-25 13:47:40,149{GMT}	INFO	[jepsen worker 2] jepsen.util: 2	:fail	:read	[3 nil]	:net-timeout
2026-02-25 13:47:40,150{GMT}	INFO	[jepsen worker 2] jepsen.util: 2	:invoke	:read	[4 nil]
2026-02-25 13:47:40,332{GMT}	INFO	[jepsen worker 1] jepsen.util: 1	:fail	:read	[3 nil]	:net-timeout
2026-02-25 13:47:40,333{GMT}	INFO	[jepsen worker 1] jepsen.util: 1	:invoke	:read	[4 nil]
2026-02-25 13:47:40,511{GMT}	INFO	[jepsen worker 4] jepsen.util: 124	:info	:cas	[3 [4 4]]	:net-timeout
2026-02-25 13:47:40,512{GMT}	INFO	[jepsen worker 4] jepsen.util: 130	:invoke	:write	[4 3]
2026-02-25 13:47:40,706{GMT}	INFO	[jepsen worker 5] jepsen.util: 125	:info	:cas	[4 [0 1]]	:net-timeout
2026-02-25 13:47:40,707{GMT}	INFO	[jepsen worker 5] jepsen.util: 131	:invoke	:cas	[4 [2 1]]
2026-02-25 13:47:40,814{GMT}	INFO	[jepsen worker 0] jepsen.util: 0	:fail	:read	[4 nil]	:net-timeout
2026-02-25 13:47:40,815{GMT}	INFO	[jepsen worker 0] jepsen.util: 0	:invoke	:read	[4 nil]
2026-02-25 13:47:41,013{GMT}	INFO	[jepsen worker 3] jepsen.util: 129	:info	:cas	[4 [1 2]]	:net-timeout
2026-02-25 13:47:41,013{GMT}	INFO	[jepsen worker 3] jepsen.util: 135	:invoke	:cas	[4 [4 1]]
2026-02-25 13:47:41,152{GMT}	INFO	[jepsen worker 2] jepsen.util: 2	:fail	:read	[4 nil]	:net-timeout
2026-02-25 13:47:41,152{GMT}	INFO	[jepsen worker 2] jepsen.util: 2	:invoke	:read	[4 nil]
2026-02-25 13:47:41,336{GMT}	INFO	[jepsen worker 1] jepsen.util: 1	:fail	:read	[4 nil]	:net-timeout
2026-02-25 13:47:41,336{GMT}	INFO	[jepsen worker 1] jepsen.util: 1	:invoke	:read	[4 nil]
2026-02-25 13:47:41,516{GMT}	INFO	[jepsen worker 4] jepsen.util: 130	:info	:write	[4 3]	:net-timeout
2026-02-25 13:47:41,516{GMT}	INFO	[jepsen worker 4] jepsen.util: 136	:invoke	:write	[4 1]
2026-02-25 13:47:41,712{GMT}	INFO	[jepsen worker 5] jepsen.util: 131	:info	:cas	[4 [2 1]]	:net-timeout
2026-02-25 13:47:41,712{GMT}	INFO	[jepsen worker 5] jepsen.util: 137	:invoke	:cas	[4 [3 1]]
2026-02-25 13:47:41,819{GMT}	INFO	[jepsen worker 0] jepsen.util: 0	:fail	:read	[4 nil]	:net-timeout
2026-02-25 13:47:41,831{GMT}	INFO	[jepsen worker 0] jepsen.util: 0	:invoke	:read	[4 nil]
2026-02-25 13:47:42,016{GMT}	INFO	[jepsen worker 3] jepsen.util: 135	:info	:cas	[4 [4 1]]	:net-timeout
2026-02-25 13:47:42,017{GMT}	INFO	[jepsen worker 3] jepsen.util: 141	:invoke	:write	[4 1]
2026-02-25 13:47:42,157{GMT}	INFO	[jepsen worker 2] jepsen.util: 2	:fail	:read	[4 nil]	:net-timeout
2026-02-25 13:47:42,157{GMT}	INFO	[jepsen worker 2] jepsen.util: 2	:invoke	:read	[4 nil]
2026-02-25 13:47:42,339{GMT}	INFO	[jepsen worker 1] jepsen.util: 1	:fail	:read	[4 nil]	:net-timeout
2026-02-25 13:47:42,340{GMT}	INFO	[jepsen worker 1] jepsen.util: 1	:invoke	:read	[4 nil]
2026-02-25 13:47:42,518{GMT}	INFO	[jepsen worker 4] jepsen.util: 136	:info	:write	[4 1]	:net-timeout
2026-02-25 13:47:42,518{GMT}	INFO	[jepsen worker 4] jepsen.util: 142	:invoke	:cas	[4 [2 3]]
2026-02-25 13:47:42,716{GMT}	INFO	[jepsen worker 5] jepsen.util: 137	:info	:cas	[4 [3 1]]	:net-timeout
2026-02-25 13:47:42,717{GMT}	INFO	[jepsen worker 5] jepsen.util: 143	:invoke	:cas	[4 [0 3]]
2026-02-25 13:47:42,835{GMT}	INFO	[jepsen worker 0] jepsen.util: 0	:fail	:read	[4 nil]	:net-timeout
2026-02-25 13:47:42,836{GMT}	INFO	[jepsen worker 0] jepsen.util: 0	:invoke	:read	[4 nil]
2026-02-25 13:47:43,016{GMT}	INFO	[jepsen worker 3] jepsen.util: 141	:info	:write	[4 1]	:net-timeout
2026-02-25 13:47:43,016{GMT}	INFO	[jepsen worker 3] jepsen.util: 147	:invoke	:cas	[4 [3 4]]
2026-02-25 13:47:43,162{GMT}	INFO	[jepsen worker 2] jepsen.util: 2	:fail	:read	[4 nil]	:net-timeout
2026-02-25 13:47:43,174{GMT}	INFO	[jepsen worker 2] jepsen.util: 2	:invoke	:read	[4 nil]
2026-02-25 13:47:43,344{GMT}	INFO	[jepsen worker 1] jepsen.util: 1	:fail	:read	[4 nil]	:net-timeout
2026-02-25 13:47:43,345{GMT}	INFO	[jepsen worker 1] jepsen.util: 1	:invoke	:read	[4 nil]
2026-02-25 13:47:43,524{GMT}	INFO	[jepsen worker 4] jepsen.util: 142	:info	:cas	[4 [2 3]]	:net-timeout
2026-02-25 13:47:43,525{GMT}	INFO	[jepsen worker 4] jepsen.util: 148	:invoke	:write	[4 3]
2026-02-25 13:47:43,722{GMT}	INFO	[jepsen worker 5] jepsen.util: 143	:info	:cas	[4 [0 3]]	:net-timeout
2026-02-25 13:47:43,723{GMT}	INFO	[jepsen worker 5] jepsen.util: 149	:invoke	:cas	[4 [3 2]]
2026-02-25 13:47:43,841{GMT}	INFO	[jepsen worker 0] jepsen.util: 0	:fail	:read	[4 nil]	:net-timeout
2026-02-25 13:47:43,841{GMT}	INFO	[jepsen worker 0] jepsen.util: 0	:invoke	:read	[4 nil]
2026-02-25 13:47:44,020{GMT}	INFO	[jepsen worker 3] jepsen.util: 147	:info	:cas	[4 [3 4]]	:net-timeout
2026-02-25 13:47:44,021{GMT}	INFO	[jepsen worker 3] jepsen.util: 153	:invoke	:cas	[4 [1 3]]
2026-02-25 13:47:44,202{GMT}	INFO	[jepsen worker 2] jepsen.util: 2	:fail	:read	[4 nil]	:net-timeout
2026-02-25 13:47:44,245{GMT}	INFO	[jepsen worker 2] jepsen.util: 2	:invoke	:read	[4 nil]
2026-02-25 13:47:44,364{GMT}	INFO	[jepsen worker 1] jepsen.util: 1	:fail	:read	[4 nil]	:net-timeout
2026-02-25 13:47:44,381{GMT}	INFO	[jepsen worker 1] jepsen.util: 1	:invoke	:read	[4 nil]
2026-02-25 13:47:44,548{GMT}	INFO	[jepsen worker 4] jepsen.util: 148	:info	:write	[4 3]	:net-timeout
2026-02-25 13:47:44,550{GMT}	INFO	[jepsen worker 4] jepsen.util: 154	:invoke	:cas	[4 [1 0]]
2026-02-25 13:47:44,731{GMT}	INFO	[jepsen worker 5] jepsen.util: 149	:info	:cas	[4 [3 2]]	:net-timeout
2026-02-25 13:47:44,733{GMT}	INFO	[jepsen worker 5] jepsen.util: 155	:invoke	:cas	[5 [3 0]]
2026-02-25 13:47:44,841{GMT}	INFO	[jepsen worker 0] jepsen.util: 0	:fail	:read	[4 nil]	:net-timeout
2026-02-25 13:47:44,842{GMT}	INFO	[jepsen worker 0] jepsen.util: 0	:invoke	:read	[5 nil]
2026-02-25 13:47:45,023{GMT}	INFO	[jepsen worker 3] jepsen.util: 153	:info	:cas	[4 [1 3]]	:net-timeout
2026-02-25 13:47:45,023{GMT}	INFO	[jepsen worker 3] jepsen.util: 159	:invoke	:cas	[5 [1 1]]
2026-02-25 13:47:45,266{GMT}	INFO	[jepsen worker 2] jepsen.util: 2	:fail	:read	[4 nil]	:net-timeout
2026-02-25 13:47:45,266{GMT}	INFO	[jepsen worker 2] jepsen.util: 2	:invoke	:read	[5 nil]
2026-02-25 13:47:45,383{GMT}	INFO	[jepsen worker 1] jepsen.util: 1	:fail	:read	[4 nil]	:net-timeout
2026-02-25 13:47:45,396{GMT}	INFO	[jepsen worker 1] jepsen.util: 1	:invoke	:read	[5 nil]
2026-02-25 13:47:45,555{GMT}	INFO	[jepsen worker 4] jepsen.util: 154	:info	:cas	[4 [1 0]]	:net-timeout
2026-02-25 13:47:45,556{GMT}	INFO	[jepsen worker 4] jepsen.util: 160	:invoke	:cas	[5 [3 1]]
2026-02-25 13:47:45,733{GMT}	INFO	[jepsen worker 5] jepsen.util: 155	:info	:cas	[5 [3 0]]	:net-timeout
2026-02-25 13:47:45,733{GMT}	INFO	[jepsen worker 5] jepsen.util: 161	:invoke	:write	[5 3]
2026-02-25 13:47:45,843{GMT}	INFO	[jepsen worker 0] jepsen.util: 0	:fail	:read	[5 nil]	:net-timeout
2026-02-25 13:47:45,844{GMT}	INFO	[jepsen worker 0] jepsen.util: 0	:invoke	:read	[5 nil]
2026-02-25 13:47:46,026{GMT}	INFO	[jepsen worker 3] jepsen.util: 159	:info	:cas	[5 [1 1]]	:net-timeout
2026-02-25 13:47:46,026{GMT}	INFO	[jepsen worker 3] jepsen.util: 165	:invoke	:write	[5 4]
2026-02-25 13:47:46,276{GMT}	INFO	[jepsen worker 2] jepsen.util: 2	:fail	:read	[5 nil]	:net-timeout
2026-02-25 13:47:46,277{GMT}	INFO	[jepsen worker 2] jepsen.util: 2	:invoke	:read	[5 nil]
2026-02-25 13:47:46,401{GMT}	INFO	[jepsen worker 1] jepsen.util: 1	:fail	:read	[5 nil]	:net-timeout
2026-02-25 13:47:46,402{GMT}	INFO	[jepsen worker 1] jepsen.util: 1	:invoke	:read	[5 nil]
2026-02-25 13:47:46,564{GMT}	INFO	[jepsen worker 4] jepsen.util: 160	:info	:cas	[5 [3 1]]	:net-timeout
2026-02-25 13:47:46,567{GMT}	INFO	[jepsen worker 4] jepsen.util: 166	:invoke	:cas	[5 [2 2]]
2026-02-25 13:47:46,735{GMT}	INFO	[jepsen worker 5] jepsen.util: 161	:info	:write	[5 3]	:net-timeout
2026-02-25 13:47:46,735{GMT}	INFO	[jepsen worker 5] jepsen.util: 167	:invoke	:cas	[5 [1 3]]
2026-02-25 13:47:46,847{GMT}	INFO	[jepsen worker 0] jepsen.util: 0	:fail	:read	[5 nil]	:net-timeout
2026-02-25 13:47:46,933{GMT}	INFO	[jepsen worker 0] jepsen.util: 0	:invoke	:read	[5 nil]
2026-02-25 13:47:47,030{GMT}	INFO	[jepsen worker 3] jepsen.util: 165	:info	:write	[5 4]	:net-timeout
2026-02-25 13:47:47,105{GMT}	INFO	[jepsen worker 3] jepsen.util: 171	:invoke	:write	[5 2]
2026-02-25 13:47:47,278{GMT}	INFO	[jepsen worker 2] jepsen.util: 2	:fail	:read	[5 nil]	:net-timeout
2026-02-25 13:47:47,279{GMT}	INFO	[jepsen worker 2] jepsen.util: 2	:invoke	:read	[5 nil]
2026-02-25 13:47:47,406{GMT}	INFO	[jepsen worker 1] jepsen.util: 1	:fail	:read	[5 nil]	:net-timeout
2026-02-25 13:47:47,473{GMT}	INFO	[jepsen worker 1] jepsen.util: 1	:invoke	:read	[5 nil]
2026-02-25 13:47:47,570{GMT}	INFO	[jepsen worker 4] jepsen.util: 166	:info	:cas	[5 [2 2]]	:net-timeout
2026-02-25 13:47:47,643{GMT}	INFO	[jepsen worker 4] jepsen.util: 172	:invoke	:cas	[5 [2 2]]
2026-02-25 13:47:47,736{GMT}	INFO	[jepsen worker 5] jepsen.util: 167	:info	:cas	[5 [1 3]]	:net-timeout
2026-02-25 13:47:47,764{GMT}	INFO	[jepsen worker 5] jepsen.util: 173	:invoke	:write	[5 3]
2026-02-25 13:47:47,933{GMT}	INFO	[jepsen worker 0] jepsen.util: 0	:fail	:read	[5 nil]	:net-timeout
2026-02-25 13:47:47,933{GMT}	INFO	[jepsen worker 0] jepsen.util: 0	:invoke	:read	[5 nil]
2026-02-25 13:47:48,106{GMT}	INFO	[jepsen worker 3] jepsen.util: 171	:info	:write	[5 2]	:net-timeout
2026-02-25 13:47:48,107{GMT}	INFO	[jepsen worker 3] jepsen.util: 177	:invoke	:cas	[5 [4 4]]
2026-02-25 13:47:48,284{GMT}	INFO	[jepsen worker 2] jepsen.util: 2	:fail	:read	[5 nil]	:net-timeout
2026-02-25 13:47:48,285{GMT}	INFO	[jepsen worker 2] jepsen.util: 2	:invoke	:read	[5 nil]
2026-02-25 13:47:48,478{GMT}	INFO	[jepsen worker 1] jepsen.util: 1	:fail	:read	[5 nil]	:net-timeout
2026-02-25 13:47:48,479{GMT}	INFO	[jepsen worker 1] jepsen.util: 1	:invoke	:read	[5 nil]
2026-02-25 13:47:48,644{GMT}	INFO	[jepsen worker 4] jepsen.util: 172	:info	:cas	[5 [2 2]]	:net-timeout
2026-02-25 13:47:48,763{GMT}	INFO	[jepsen worker 5] jepsen.util: 173	:info	:write	[5 3]	:net-timeout
2026-02-25 13:47:48,936{GMT}	INFO	[jepsen worker 0] jepsen.util: 0	:fail	:read	[5 nil]	:net-timeout
2026-02-25 13:47:49,112{GMT}	INFO	[jepsen worker 3] jepsen.util: 177	:info	:cas	[5 [4 4]]	:net-timeout
2026-02-25 13:47:49,286{GMT}	INFO	[jepsen worker 2] jepsen.util: 2	:fail	:read	[5 nil]	:net-timeout
2026-02-25 13:47:49,484{GMT}	INFO	[jepsen worker 1] jepsen.util: 1	:fail	:read	[5 nil]	:net-timeout
2026-02-25 13:47:49,509{GMT}	INFO	[jepsen test runner] jepsen.core: Run complete, writing
2026-02-25 13:47:49,558{GMT}	INFO	[jepsen node n2] maelstrom.db: Tearing down n2
2026-02-25 13:47:49,558{GMT}	INFO	[jepsen node n1] maelstrom.db: Tearing down n1
2026-02-25 13:47:49,558{GMT}	INFO	[jepsen node n0] maelstrom.db: Tearing down n0
2026-02-25 13:47:51,109{GMT}	INFO	[jepsen node n0] maelstrom.net: Shutting down Maelstrom network
2026-02-25 13:47:51,112{GMT}	INFO	[jepsen test runner] jepsen.core: Analyzing...
2026-02-25 13:47:51,453{GMT}	INFO	[clojure-agent-send-pool-5] jepsen.independent: Wrote /Users/ahsankarim/study/studey/advanced distributed/final project/Omnipaxos-Project/store/lin-kv/20260225T134717.088+0100/independent/5/results.edn
2026-02-25 13:47:51,465{GMT}	INFO	[clojure-agent-send-pool-5] jepsen.independent: Wrote /Users/ahsankarim/study/studey/advanced distributed/final project/Omnipaxos-Project/store/lin-kv/20260225T134717.088+0100/independent/5/history.edn
2026-02-25 13:47:51,484{GMT}	INFO	[clojure-agent-send-pool-4] jepsen.independent: Wrote /Users/ahsankarim/study/studey/advanced distributed/final project/Omnipaxos-Project/store/lin-kv/20260225T134717.088+0100/independent/4/results.edn
2026-02-25 13:47:51,488{GMT}	INFO	[clojure-agent-send-pool-1] jepsen.independent: Wrote /Users/ahsankarim/study/studey/advanced distributed/final project/Omnipaxos-Project/store/lin-kv/20260225T134717.088+0100/independent/1/results.edn
2026-02-25 13:47:51,493{GMT}	INFO	[clojure-agent-send-pool-3] jepsen.independent: Wrote /Users/ahsankarim/study/studey/advanced distributed/final project/Omnipaxos-Project/store/lin-kv/20260225T134717.088+0100/independent/3/results.edn
2026-02-25 13:47:51,499{GMT}	INFO	[clojure-agent-send-pool-4] jepsen.independent: Wrote /Users/ahsankarim/study/studey/advanced distributed/final project/Omnipaxos-Project/store/lin-kv/20260225T134717.088+0100/independent/4/history.edn
2026-02-25 13:47:51,506{GMT}	INFO	[clojure-agent-send-pool-3] jepsen.independent: Wrote /Users/ahsankarim/study/studey/advanced distributed/final project/Omnipaxos-Project/store/lin-kv/20260225T134717.088+0100/independent/3/history.edn
2026-02-25 13:47:51,513{GMT}	INFO	[clojure-agent-send-pool-2] jepsen.independent: Wrote /Users/ahsankarim/study/studey/advanced distributed/final project/Omnipaxos-Project/store/lin-kv/20260225T134717.088+0100/independent/2/results.edn
2026-02-25 13:47:51,514{GMT}	INFO	[clojure-agent-send-pool-1] jepsen.independent: Wrote /Users/ahsankarim/study/studey/advanced distributed/final project/Omnipaxos-Project/store/lin-kv/20260225T134717.088+0100/independent/1/history.edn
2026-02-25 13:47:51,527{GMT}	INFO	[clojure-agent-send-pool-2] jepsen.independent: Wrote /Users/ahsankarim/study/studey/advanced distributed/final project/Omnipaxos-Project/store/lin-kv/20260225T134717.088+0100/independent/2/history.edn
2026-02-25 13:47:51,533{GMT}	INFO	[clojure-agent-send-pool-0] jepsen.independent: Wrote /Users/ahsankarim/study/studey/advanced distributed/final project/Omnipaxos-Project/store/lin-kv/20260225T134717.088+0100/independent/0/results.edn
2026-02-25 13:47:51,537{GMT}	INFO	[clojure-agent-send-pool-0] jepsen.independent: Wrote /Users/ahsankarim/study/studey/advanced distributed/final project/Omnipaxos-Project/store/lin-kv/20260225T134717.088+0100/independent/0/history.edn
2026-02-25 13:47:52,411{GMT}	INFO	[jepsen test runner] jepsen.core: Analysis complete
2026-02-25 13:47:52,709{GMT}	INFO	[jepsen results] jepsen.store: Wrote /Users/ahsankarim/study/studey/advanced distributed/final project/Omnipaxos-Project/store/lin-kv/20260225T134717.088+0100/results.edn
2026-02-25 13:47:52,795{GMT}	INFO	[jepsen test runner] jepsen.core: {:perf {:latency-graph {:valid? true},
        :rate-graph {:valid? true},
        :valid? true},
 :timeline {:valid? true},
 :exceptions {:valid? true},
 :stats {:valid? false,
         :count 178,
         :ok-count 0,
         :fail-count 90,
         :info-count 88,
         :by-f {:cas {:valid? false,
                      :count 65,
                      :ok-count 0,
                      :fail-count 0,
                      :info-count 65},
                :read {:valid? false,
                       :count 90,
                       :ok-count 0,
                       :fail-count 90,
                       :info-count 0},
                :write {:valid? false,
                        :count 23,
                        :ok-count 0,
                        :fail-count 0,
                        :info-count 23}}},
 :availability {:valid? true, :ok-fraction 0.0},
 :net {:all {:send-count 202,
             :recv-count 200,
             :msg-count 202,
             :msgs-per-op 1.1348314},
       :clients {:send-count 202, :recv-count 200, :msg-count 202},
       :servers {:send-count 0,
                 :recv-count 0,
                 :msg-count 0,
                 :msgs-per-op 0.0},
       :valid? true},
 :workload {:valid? true,
            :results {0 {:linearizable {:valid? true,
                                        :configs ({:model #knossos.model.CASRegister{:value nil},
                                                   :last-op nil,
                                                   :pending [{:process 3,
                                                              :type :invoke,
                                                              :f :write,
                                                              :value 4,
                                                              :index 1,
                                                              :time 137752458}
                                                             {:process 4,
                                                              :type :invoke,
                                                              :f :cas,
                                                              :value [2
                                                                      4],
                                                              :index 4,
                                                              :time 574245583}
                                                             {:process 5,
                                                              :type :invoke,
                                                              :f :cas,
                                                              :value [3
                                                                      4],
                                                              :index 5,
                                                              :time 774414000}
                                                             {:process 9,
                                                              :type :invoke,
                                                              :f :cas,
                                                              :value [2
                                                                      0],
                                                              :index 9,
                                                              :time 1229260958}
                                                             {:process 10,
                                                              :type :invoke,
                                                              :f :cas,
                                                              :value [0
                                                                      0],
                                                              :index 15,
                                                              :time 1579884917}
                                                             {:process 11,
                                                              :type :invoke,
                                                              :f :cas,
                                                              :value [0
                                                                      0],
                                                              :index 17,
                                                              :time 1780261417}
                                                             {:process 15,
                                                              :type :invoke,
                                                              :f :cas,
                                                              :value [3
                                                                      4],
                                                              :index 21,
                                                              :time 2237060125}
                                                             {:process 16,
                                                              :type :invoke,
                                                              :f :cas,
                                                              :value [1
                                                                      0],
                                                              :index 27,
                                                              :time 2674486875}
                                                             {:process 17,
                                                              :type :invoke,
                                                              :f :cas,
                                                              :value [2
                                                                      4],
                                                              :index 29,
                                                              :time 2786496000}
                                                             {:process 21,
                                                              :type :invoke,
                                                              :f :write,
                                                              :value 0,
                                                              :index 33,
                                                              :time 3242857500}
                                                             {:process 22,
                                                              :type :invoke,
                                                              :f :cas,
                                                              :value [4
                                                                      2],
                                                              :index 39,
                                                              :time 3747477167}
                                                             {:process 23,
                                                              :type :invoke,
                                                              :f :write,
                                                              :value 0,
                                                              :index 41,
                                                              :time 3789436083}
                                                             {:process 27,
                                                              :type :invoke,
                                                              :f :cas,
                                                              :value [4
                                                                      3],
                                                              :index 45,
                                                              :time 4249411333}
                                                             {:process 28,
                                                              :type :invoke,
                                                              :f :cas,
                                                              :value [4
                                                                      1],
                                                              :index 51,
                                                              :time 4754155708}
                                                             {:process 29,
                                                              :type :invoke,
                                                              :f :cas,
                                                              :value [4
                                                                      0],
                                                              :index 53,
                                                              :time 4939221750}
                                                             {:process 33,
                                                              :type :invoke,
                                                              :f :write,
                                                              :value 1,
                                                              :index 57,
                                                              :time 5251806167}
                                                             {:process 34,
                                                              :type :invoke,
                                                              :f :cas,
                                                              :value [0
                                                                      0],
                                                              :index 63,
                                                              :time 5785029750}]}),
                                        :final-paths ()},
                         :timeline {:valid? true},
                         :valid? true},
                      1 {:linearizable {:valid? true,
                                        :configs ({:model #knossos.model.CASRegister{:value nil},
                                                   :last-op nil,
                                                   :pending [{:process 35,
                                                              :type :invoke,
                                                              :f :write,
                                                              :value 2,
                                                              :index 65,
                                                              :time 5946340500}
                                                             {:process 39,
                                                              :type :invoke,
                                                              :f :cas,
                                                              :value [1
                                                                      2],
                                                              :index 69,
                                                              :time 6256702042}
                                                             {:process 40,
                                                              :type :invoke,
                                                              :f :cas,
                                                              :value [2
                                                                      0],
                                                              :index 75,
                                                              :time 6789429500}
                                                             {:process 41,
                                                              :type :invoke,
                                                              :f :write,
                                                              :value 3,
                                                              :index 77,
                                                              :time 6954182333}
                                                             {:process 45,
                                                              :type :invoke,
                                                              :f :cas,
                                                              :value [3
                                                                      2],
                                                              :index 81,
                                                              :time 7261520750}
                                                             {:process 46,
                                                              :type :invoke,
                                                              :f :cas,
                                                              :value [1
                                                                      0],
                                                              :index 87,
                                                              :time 7792199333}
                                                             {:process 47,
                                                              :type :invoke,
                                                              :f :cas,
                                                              :value [0
                                                                      2],
                                                              :index 89,
                                                              :time 7975823375}
                                                             {:process 51,
                                                              :type :invoke,
                                                              :f :write,
                                                              :value 3,
                                                              :index 93,
                                                              :time 8264402917}
                                                             {:process 52,
                                                              :type :invoke,
                                                              :f :cas,
                                                              :value [1
                                                                      0],
                                                              :index 99,
                                                              :time 8796845958}
                                                             {:process 53,
                                                              :type :invoke,
                                                              :f :cas,
                                                              :value [4
                                                                      3],
                                                              :index 101,
                                                              :time 8982142250}
                                                             {:process 57,
                                                              :type :invoke,
                                                              :f :cas,
                                                              :value [1
                                                                      1],
                                                              :index 105,
                                                              :time 9332160000}
                                                             {:process 58,
                                                              :type :invoke,
                                                              :f :cas,
                                                              :value [4
                                                                      0],
                                                              :index 111,
                                                              :time 9799323833}
                                                             {:process 59,
                                                              :type :invoke,
                                                              :f :write,
                                                              :value 1,
                                                              :index 113,
                                                              :time 9985252667}
                                                             {:process 63,
                                                              :type :invoke,
                                                              :f :cas,
                                                              :value [1
                                                                      4],
                                                              :index 117,
                                                              :time 10334679667}
                                                             {:process 64,
                                                              :type :invoke,
                                                              :f :write,
                                                              :value 0,
                                                              :index 123,
                                                              :time 10803542417}]}),
                                        :final-paths ()},
                         :timeline {:valid? true},
                         :valid? true},
                      2 {:linearizable {:valid? true,
                                        :configs ({:model #knossos.model.CASRegister{:value nil},
                                                   :last-op nil,
                                                   :pending [{:process 65,
                                                              :type :invoke,
                                                              :f :cas,
                                                              :value [4
                                                                      0],
                                                              :index 125,
                                                              :time 10991230250}
                                                             {:process 69,
                                                              :type :invoke,
                                                              :f :write,
                                                              :value 1,
                                                              :index 129,
                                                              :time 11337780417}
                                                             {:process 70,
                                                              :type :invoke,
                                                              :f :cas,
                                                              :value [0
                                                                      4],
                                                              :index 135,
                                                              :time 11807151625}
                                                             {:process 71,
                                                              :type :invoke,
                                                              :f :cas,
                                                              :value [1
                                                                      3],
                                                              :index 137,
                                                              :time 11999386542}
                                                             {:process 75,
                                                              :type :invoke,
                                                              :f :cas,
                                                              :value [2
                                                                      1],
                                                              :index 141,
                                                              :time 12343277458}
                                                             {:process 76,
                                                              :type :invoke,
                                                              :f :cas,
                                                              :value [1
                                                                      0],
                                                              :index 147,
                                                              :time 12838039042}
                                                             {:process 77,
                                                              :type :invoke,
                                                              :f :cas,
                                                              :value [0
                                                                      4],
                                                              :index 149,
                                                              :time 13006549667}
                                                             {:process 81,
                                                              :type :invoke,
                                                              :f :cas,
                                                              :value [2
                                                                      1],
                                                              :index 153,
                                                              :time 13348943417}
                                                             {:process 82,
                                                              :type :invoke,
                                                              :f :cas,
                                                              :value [4
                                                                      0],
                                                              :index 159,
                                                              :time 13843048333}
                                                             {:process 83,
                                                              :type :invoke,
                                                              :f :cas,
                                                              :value [2
                                                                      2],
                                                              :index 161,
                                                              :time 14010094667}
                                                             {:process 87,
                                                              :type :invoke,
                                                              :f :cas,
                                                              :value [0
                                                                      2],
                                                              :index 165,
                                                              :time 14354474542}
                                                             {:process 88,
                                                              :type :invoke,
                                                              :f :write,
                                                              :value 2,
                                                              :index 171,
                                                              :time 14877597167}
                                                             {:process 89,
                                                              :type :invoke,
                                                              :f :write,
                                                              :value 1,
                                                              :index 173,
                                                              :time 15015916667}
                                                             {:process 93,
                                                              :type :invoke,
                                                              :f :cas,
                                                              :value [3
                                                                      2],
                                                              :index 177,
                                                              :time 15355954167}
                                                             {:process 94,
                                                              :type :invoke,
                                                              :f :write,
                                                              :value 2,
                                                              :index 183,
                                                              :time 15883345208}]}),
                                        :final-paths ()},
                         :timeline {:valid? true},
                         :valid? true},
                      3 {:linearizable {:valid? true,
                                        :configs ({:model #knossos.model.CASRegister{:value nil},
                                                   :last-op nil,
                                                   :pending [{:process 95,
                                                              :type :invoke,
                                                              :f :cas,
                                                              :value [3
                                                                      0],
                                                              :index 185,
                                                              :time 16020173917}
                                                             {:process 99,
                                                              :type :invoke,
                                                              :f :cas,
                                                              :value [3
                                                                      0],
                                                              :index 189,
                                                              :time 16361818500}
                                                             {:process 100,
                                                              :type :invoke,
                                                              :f :cas,
                                                              :value [4
                                                                      3],
                                                              :index 195,
                                                              :time 16910803583}
                                                             {:process 101,
                                                              :type :invoke,
                                                              :f :cas,
                                                              :value [0
                                                                      1],
                                                              :index 197,
                                                              :time 17027821458}
                                                             {:process 105,
                                                              :type :invoke,
                                                              :f :cas,
                                                              :value [3
                                                                      4],
                                                              :index 201,
                                                              :time 17363413667}
                                                             {:process 106,
                                                              :type :invoke,
                                                              :f :cas,
                                                              :value [2
                                                                      4],
                                                              :index 207,
                                                              :time 17913182417}
                                                             {:process 107,
                                                              :type :invoke,
                                                              :f :cas,
                                                              :value [3
                                                                      1],
                                                              :index 209,
                                                              :time 18028684375}
                                                             {:process 111,
                                                              :type :invoke,
                                                              :f :cas,
                                                              :value [2
                                                                      3],
                                                              :index 213,
                                                              :time 18364639250}
                                                             {:process 112,
                                                              :type :invoke,
                                                              :f :cas,
                                                              :value [3
                                                                      4],
                                                              :index 219,
                                                              :time 18918047208}
                                                             {:process 113,
                                                              :type :invoke,
                                                              :f :write,
                                                              :value 1,
                                                              :index 221,
                                                              :time 19077207917}
                                                             {:process 117,
                                                              :type :invoke,
                                                              :f :cas,
                                                              :value [2
                                                                      3],
                                                              :index 225,
                                                              :time 19369760292}
                                                             {:process 118,
                                                              :type :invoke,
                                                              :f :cas,
                                                              :value [4
                                                                      4],
                                                              :index 231,
                                                              :time 19927791417}
                                                             {:process 119,
                                                              :type :invoke,
                                                              :f :write,
                                                              :value 1,
                                                              :index 233,
                                                              :time 20125582500}
                                                             {:process 123,
                                                              :type :invoke,
                                                              :f :cas,
                                                              :value [1
                                                                      1],
                                                              :index 237,
                                                              :time 20375164500}
                                                             {:process 124,
                                                              :type :invoke,
                                                              :f :cas,
                                                              :value [4
                                                                      4],
                                                              :index 243,
                                                              :time 20933384958}]}),
                                        :final-paths ()},
                         :timeline {:valid? true},
                         :valid? true},
                      4 {:linearizable {:valid? true,
                                        :configs ({:model #knossos.model.CASRegister{:value nil},
                                                   :last-op nil,
                                                   :pending [{:process 125,
                                                              :type :invoke,
                                                              :f :cas,
                                                              :value [0
                                                                      1],
                                                              :index 245,
                                                              :time 21128280667}
                                                             {:process 129,
                                                              :type :invoke,
                                                              :f :cas,
                                                              :value [1
                                                                      2],
                                                              :index 249,
                                                              :time 21432401250}
                                                             {:process 130,
                                                              :type :invoke,
                                                              :f :write,
                                                              :value 3,
                                                              :index 255,
                                                              :time 21935890417}
                                                             {:process 131,
                                                              :type :invoke,
                                                              :f :cas,
                                                              :value [2
                                                                      1],
                                                              :index 257,
                                                              :time 22130447958}
                                                             {:process 135,
                                                              :type :invoke,
                                                              :f :cas,
                                                              :value [4
                                                                      1],
                                                              :index 261,
                                                              :time 22437534042}
                                                             {:process 136,
                                                              :type :invoke,
                                                              :f :write,
                                                              :value 1,
                                                              :index 267,
                                                              :time 22940390833}
                                                             {:process 137,
                                                              :type :invoke,
                                                              :f :cas,
                                                              :value [3
                                                                      1],
                                                              :index 269,
                                                              :time 23136242042}
                                                             {:process 141,
                                                              :type :invoke,
                                                              :f :write,
                                                              :value 1,
                                                              :index 273,
                                                              :time 23440740750}
                                                             {:process 142,
                                                              :type :invoke,
                                                              :f :cas,
                                                              :value [2
                                                                      3],
                                                              :index 279,
                                                              :time 23942439250}
                                                             {:process 143,
                                                              :type :invoke,
                                                              :f :cas,
                                                              :value [0
                                                                      3],
                                                              :index 281,
                                                              :time 24140695000}
                                                             {:process 147,
                                                              :type :invoke,
                                                              :f :cas,
                                                              :value [3
                                                                      4],
                                                              :index 285,
                                                              :time 24440581958}
                                                             {:process 148,
                                                              :type :invoke,
                                                              :f :write,
                                                              :value 3,
                                                              :index 291,
                                                              :time 24948197833}
                                                             {:process 149,
                                                              :type :invoke,
                                                              :f :cas,
                                                              :value [3
                                                                      2],
                                                              :index 293,
                                                              :time 25146241792}
                                                             {:process 153,
                                                              :type :invoke,
                                                              :f :cas,
                                                              :value [1
                                                                      3],
                                                              :index 297,
                                                              :time 25444925375}
                                                             {:process 154,
                                                              :type :invoke,
                                                              :f :cas,
                                                              :value [1
                                                                      0],
                                                              :index 303,
                                                              :time 25973789625}]}),
                                        :final-paths ()},
                         :timeline {:valid? true},
                         :valid? true},
                      5 {:linearizable {:valid? true,
                                        :configs ({:model #knossos.model.CASRegister{:value nil},
                                                   :last-op nil,
                                                   :pending [{:process 155,
                                                              :type :invoke,
                                                              :f :cas,
                                                              :value [3
                                                                      0],
                                                              :index 305,
                                                              :time 26155659875}
                                                             {:process 159,
                                                              :type :invoke,
                                                              :f :cas,
                                                              :value [1
                                                                      1],
                                                              :index 309,
                                                              :time 26447336917}
                                                             {:process 160,
                                                              :type :invoke,
                                                              :f :cas,
                                                              :value [3
                                                                      1],
                                                              :index 315,
                                                              :time 26979705042}
                                                             {:process 161,
                                                              :type :invoke,
                                                              :f :write,
                                                              :value 3,
                                                              :index 317,
                                                              :time 27157351833}
                                                             {:process 165,
                                                              :type :invoke,
                                                              :f :write,
                                                              :value 4,
                                                              :index 321,
                                                              :time 27450408958}
                                                             {:process 166,
                                                              :type :invoke,
                                                              :f :cas,
                                                              :value [2
                                                                      2],
                                                              :index 327,
                                                              :time 27991163375}
                                                             {:process 167,
                                                              :type :invoke,
                                                              :f :cas,
                                                              :value [1
                                                                      3],
                                                              :index 329,
                                                              :time 28159345750}
                                                             {:process 171,
                                                              :type :invoke,
                                                              :f :write,
                                                              :value 2,
                                                              :index 333,
                                                              :time 28529421125}
                                                             {:process 172,
                                                              :type :invoke,
                                                              :f :cas,
                                                              :value [2
                                                                      2],
                                                              :index 339,
                                                              :time 29066789042}
                                                             {:process 173,
                                                              :type :invoke,
                                                              :f :write,
                                                              :value 3,
                                                              :index 341,
                                                              :time 29187687792}
                                                             {:process 177,
                                                              :type :invoke,
                                                              :f :cas,
                                                              :value [4
                                                                      4],
                                                              :index 345,
                                                              :time 29530739417}]}),
                                        :final-paths ()},
                         :timeline {:valid? true},
                         :valid? true}},
            :failures []},
 :valid? false}


Analysis invalid! (ﾉಥ益ಥ）ﾉ ┻━┻
