2026-03-09 23:11:37,015{GMT}	INFO	[jepsen test runner] jepsen.core: Test version c6f93e91a319d9d3f3adbe62cadb64f7b53b436f (plus uncommitted changes)
2026-03-09 23:11:37,016{GMT}	INFO	[jepsen test runner] jepsen.core: Command line:
lein run test -w lin-kv --bin ./target/debug/maelstrom --node-count 3 --time-limit 60 --rate 10 --concurrency 2n
2026-03-09 23:11:37,073{GMT}	INFO	[jepsen test runner] jepsen.core: Running test:
{:args []
 :remote
 #jepsen.control.retry.Remote{:remote #jepsen.control.scp.Remote{:cmd-remote #jepsen.control.sshj.SSHJRemote{:concurrency-limit 6,
                                                                                                             :conn-spec nil,
                                                                                                             :client nil,
                                                                                                             :semaphore nil},
                                                                 :conn-spec nil},
                              :conn nil}
 :log-net-send false
 :node-count 3
 :availability nil
 :max-txn-length 4
 :concurrency 6
 :db
 #object[maelstrom.db$db$reify__16612
         "0x1f9b8c23"
         "maelstrom.db$db$reify__16612@1f9b8c23"]
 :max-writes-per-key 16
 :leave-db-running? false
 :name "lin-kv"
 :logging-json? false
 :start-time
 #object[org.joda.time.DateTime "0x26e74d50" "2026-03-09T23:11:36.955+01:00"]
 :nemesis-interval 10
 :net
 #object[maelstrom.net$jepsen_net$reify__15721
         "0x6bdc984"
         "maelstrom.net$jepsen_net$reify__15721@6bdc984"]
 :client
 #object[maelstrom.workload.lin_kv$client$reify__20973
         "0x1f299fc3"
         "maelstrom.workload.lin_kv$client$reify__20973@1f299fc3"]
 :barrier
 #object[java.util.concurrent.CyclicBarrier
         "0xb997735"
         "java.util.concurrent.CyclicBarrier@b997735"]
 :log-stderr false
 :pure-generators true
 :ssh {:dummy? true}
 :rate 10.0
 :checker
 #object[jepsen.checker$compose$reify__11089
         "0x178826db"
         "jepsen.checker$compose$reify__11089@178826db"]
 :argv
 ("test"
  "-w"
  "lin-kv"
  "--bin"
  "./target/debug/maelstrom"
  "--node-count"
  "3"
  "--time-limit"
  "60"
  "--rate"
  "10"
  "--concurrency"
  "2n")
 :nemesis
 (jepsen.nemesis.ReflCompose
  {:fm {:start-partition 0,
        :stop-partition 0,
        :kill 1,
        :start 1,
        :pause 1,
        :resume 1},
   :nemeses [#unprintable "jepsen.nemesis.combined$partition_nemesis$reify__16905@7f913c47"
             #unprintable "jepsen.nemesis.combined$db_nemesis$reify__16886@2c9573f1"]})
 :nodes ["n0" "n1" "n2"]
 :test-count 1
 :latency {:mean 0, :dist :constant}
 :bin "./target/debug/maelstrom"
 :generator
 #object[jepsen.util.Forgettable
         "0x37a5ac85"
         (jepsen.generator.TimeLimit
          {:limit 60000000000,
           :cutoff nil,
           :gen (jepsen.generator.Any
                 {:gens [(jepsen.generator.OnThreads
                          {:f #{:nemesis},
                           :context-filter #object[jepsen.generator.context$make_thread_filter$lazy_filter__12077
                                                   "0x239fdf8f"
                                                   "jepsen.generator.context$make_thread_filter$lazy_filter__12077@239fdf8f"],
                           :gen nil})
                         (jepsen.generator.OnThreads
                          {:f #jepsen.generator.context.AllBut{:element :nemesis},
                           :context-filter #object[jepsen.generator.context$make_thread_filter$lazy_filter__12077
                                                   "0x1acd660d"
                                                   "jepsen.generator.context$make_thread_filter$lazy_filter__12077@1acd660d"],
                           :gen (jepsen.generator.Stagger
                                 {:dt 200000000,
                                  :next-time nil,
                                  :gen (jepsen.generator.OnThreads
                                        {:f #jepsen.generator.context.AllBut{:element :nemesis},
                                         :context-filter #object[jepsen.generator.context$make_thread_filter$lazy_filter__12077
                                                                 "0x22f3b213"
                                                                 "jepsen.generator.context$make_thread_filter$lazy_filter__12077@22f3b213"],
                                         :gen (jepsen.independent.ConcurrentGenerator
                                               {:n 6,
                                                :fgen #object[jepsen.tests.linearizable_register$test$fn__17385
                                                              "0xe18848d"
                                                              "jepsen.tests.linearizable_register$test$fn__17385@e18848d"],
                                                :group->threads nil,
                                                :thread->group nil,
                                                :group->context-filter nil,
                                                :keys (0 1 2 3 4 5 6 7 ...),
                                                :gens nil})})})})]})})]
 :log-net-recv false
 :os
 #object[maelstrom.net$jepsen_os$reify__15724
         "0x22aaa811"
         "maelstrom.net$jepsen_os$reify__15724@22aaa811"]
 :time-limit 60
 :workload :lin-kv
 :consistency-models [:strict-serializable]
 :topology :grid}

2026-03-09 23:11:38,441{GMT}	INFO	[jepsen node n0] maelstrom.net: Starting Maelstrom network
2026-03-09 23:11:38,442{GMT}	INFO	[jepsen test runner] jepsen.db: Tearing down DB
2026-03-09 23:11:38,443{GMT}	INFO	[jepsen test runner] jepsen.db: Setting up DB
2026-03-09 23:11:38,444{GMT}	INFO	[jepsen node n1] maelstrom.db: Setting up n1
2026-03-09 23:11:38,444{GMT}	INFO	[jepsen node n2] maelstrom.db: Setting up n2
2026-03-09 23:11:38,444{GMT}	INFO	[jepsen node n1] maelstrom.process: launching ./target/debug/maelstrom []
2026-03-09 23:11:38,444{GMT}	INFO	[jepsen node n2] maelstrom.process: launching ./target/debug/maelstrom []
2026-03-09 23:11:38,446{GMT}	INFO	[jepsen node n0] maelstrom.service: Starting services: (lin-kv lin-tso lww-kv seq-kv)
2026-03-09 23:11:38,447{GMT}	INFO	[jepsen node n0] maelstrom.db: Setting up n0
2026-03-09 23:11:38,447{GMT}	INFO	[jepsen node n0] maelstrom.process: launching ./target/debug/maelstrom []
2026-03-09 23:11:38,499{GMT}	INFO	[jepsen test runner] jepsen.core: Relative time begins now
2026-03-09 23:11:38,519{GMT}	INFO	[jepsen worker 0] jepsen.util: 0	:invoke	:read	[0 nil]
2026-03-09 23:11:38,673{GMT}	INFO	[jepsen worker 1] jepsen.util: 1	:invoke	:read	[0 nil]
2026-03-09 23:11:38,751{GMT}	INFO	[jepsen worker 3] jepsen.util: 3	:invoke	:cas	[0 [2 0]]
2026-03-09 23:11:38,825{GMT}	INFO	[jepsen worker 2] jepsen.util: 2	:invoke	:read	[0 nil]
2026-03-09 23:11:38,867{GMT}	INFO	[jepsen worker 4] jepsen.util: 4	:invoke	:write	[0 3]
2026-03-09 23:11:39,007{GMT}	INFO	[jepsen worker 5] jepsen.util: 5	:invoke	:cas	[0 [2 0]]
2026-03-09 23:11:39,046{GMT}	INFO	[jepsen worker 0] jepsen.util: 0	:fail	:read	[0 nil]	[:key-does-not-exist "not found"]
2026-03-09 23:11:39,181{GMT}	INFO	[jepsen worker 1] jepsen.util: 1	:fail	:read	[0 nil]	[:key-does-not-exist "not found"]
2026-03-09 23:11:39,182{GMT}	INFO	[jepsen worker 0] jepsen.util: 0	:invoke	:read	[0 nil]
2026-03-09 23:11:39,203{GMT}	INFO	[jepsen worker 1] jepsen.util: 1	:invoke	:read	[0 nil]
2026-03-09 23:11:39,335{GMT}	INFO	[jepsen worker 2] jepsen.util: 2	:fail	:read	[0 nil]	[:key-does-not-exist "not found"]
2026-03-09 23:11:39,336{GMT}	INFO	[jepsen worker 2] jepsen.util: 2	:invoke	:read	[0 nil]
2026-03-09 23:11:39,540{GMT}	INFO	[jepsen worker 3] jepsen.util: 3	:fail	:cas	[0 [2 0]]	[:key-does-not-exist "key not found"]
2026-03-09 23:11:39,543{GMT}	INFO	[jepsen worker 3] jepsen.util: 3	:invoke	:cas	[0 [1 1]]
2026-03-09 23:11:39,685{GMT}	INFO	[jepsen worker 4] jepsen.util: 4	:fail	:write	[0 3]	[:abort "Server response timeout"]
2026-03-09 23:11:39,686{GMT}	INFO	[jepsen worker 4] jepsen.util: 4	:invoke	:cas	[0 [3 1]]
2026-03-09 23:11:39,838{GMT}	INFO	[jepsen worker 5] jepsen.util: 5	:fail	:cas	[0 [2 0]]	[:key-does-not-exist "key not found"]
2026-03-09 23:11:39,876{GMT}	INFO	[jepsen worker 5] jepsen.util: 5	:invoke	:write	[0 0]
2026-03-09 23:11:40,044{GMT}	INFO	[jepsen worker 0] jepsen.util: 0	:fail	:read	[0 nil]	[:key-does-not-exist "not found"]
2026-03-09 23:11:40,045{GMT}	INFO	[jepsen worker 0] jepsen.util: 0	:invoke	:read	[0 nil]
2026-03-09 23:11:40,192{GMT}	INFO	[jepsen worker 1] jepsen.util: 1	:fail	:read	[0 nil]	[:key-does-not-exist "not found"]
2026-03-09 23:11:40,192{GMT}	INFO	[jepsen worker 1] jepsen.util: 1	:invoke	:read	[0 nil]
2026-03-09 23:11:40,340{GMT}	INFO	[jepsen worker 2] jepsen.util: 2	:fail	:read	[0 nil]	:net-timeout
2026-03-09 23:11:40,340{GMT}	INFO	[jepsen worker 2] jepsen.util: 2	:invoke	:read	[0 nil]
2026-03-09 23:11:40,548{GMT}	INFO	[jepsen worker 3] jepsen.util: 3	:fail	:cas	[0 [1 1]]	[:key-does-not-exist "key not found"]
2026-03-09 23:11:40,550{GMT}	INFO	[jepsen worker 3] jepsen.util: 3	:invoke	:cas	[0 [0 1]]
2026-03-09 23:11:40,692{GMT}	INFO	[jepsen worker 4] jepsen.util: 4	:info	:cas	[0 [3 1]]	:net-timeout
2026-03-09 23:11:40,703{GMT}	INFO	[jepsen worker 4] jepsen.util: 10	:invoke	:cas	[0 [0 2]]
2026-03-09 23:11:40,852{GMT}	INFO	[jepsen worker 5] jepsen.util: 5	:fail	:write	[0 0]	[:abort "Server response timeout"]
2026-03-09 23:11:40,853{GMT}	INFO	[jepsen worker 5] jepsen.util: 5	:invoke	:cas	[0 [1 1]]
2026-03-09 23:11:41,049{GMT}	INFO	[jepsen worker 0] jepsen.util: 0	:fail	:read	[0 nil]	:net-timeout
2026-03-09 23:11:41,050{GMT}	INFO	[jepsen worker 0] jepsen.util: 0	:invoke	:read	[0 nil]
2026-03-09 23:11:41,198{GMT}	INFO	[jepsen worker 1] jepsen.util: 1	:fail	:read	[0 nil]	:net-timeout
2026-03-09 23:11:41,199{GMT}	INFO	[jepsen worker 1] jepsen.util: 1	:invoke	:read	[0 nil]
2026-03-09 23:11:41,346{GMT}	INFO	[jepsen worker 2] jepsen.util: 2	:fail	:read	[0 nil]	:net-timeout
2026-03-09 23:11:41,347{GMT}	INFO	[jepsen worker 2] jepsen.util: 2	:invoke	:read	[0 nil]
2026-03-09 23:11:41,551{GMT}	INFO	[jepsen worker 3] jepsen.util: 3	:info	:cas	[0 [0 1]]	:net-timeout
2026-03-09 23:11:41,552{GMT}	INFO	[jepsen worker 3] jepsen.util: 9	:invoke	:cas	[0 [0 2]]
2026-03-09 23:11:41,707{GMT}	INFO	[jepsen worker 4] jepsen.util: 10	:info	:cas	[0 [0 2]]	:net-timeout
2026-03-09 23:11:41,711{GMT}	INFO	[jepsen worker 4] jepsen.util: 16	:invoke	:write	[0 4]
2026-03-09 23:11:41,856{GMT}	INFO	[jepsen worker 5] jepsen.util: 5	:info	:cas	[0 [1 1]]	:net-timeout
2026-03-09 23:11:41,857{GMT}	INFO	[jepsen worker 5] jepsen.util: 11	:invoke	:cas	[0 [2 0]]
2026-03-09 23:11:42,056{GMT}	INFO	[jepsen worker 0] jepsen.util: 0	:fail	:read	[0 nil]	:net-timeout
2026-03-09 23:11:42,056{GMT}	INFO	[jepsen worker 0] jepsen.util: 0	:invoke	:read	[0 nil]
2026-03-09 23:11:42,205{GMT}	INFO	[jepsen worker 1] jepsen.util: 1	:fail	:read	[0 nil]	:net-timeout
2026-03-09 23:11:42,206{GMT}	INFO	[jepsen worker 1] jepsen.util: 1	:invoke	:read	[0 nil]
2026-03-09 23:11:42,352{GMT}	INFO	[jepsen worker 2] jepsen.util: 2	:fail	:read	[0 nil]	:net-timeout
2026-03-09 23:11:42,352{GMT}	INFO	[jepsen worker 2] jepsen.util: 2	:invoke	:read	[0 nil]
2026-03-09 23:11:42,557{GMT}	INFO	[jepsen worker 3] jepsen.util: 9	:info	:cas	[0 [0 2]]	:net-timeout
2026-03-09 23:11:42,558{GMT}	INFO	[jepsen worker 3] jepsen.util: 15	:invoke	:cas	[0 [4 1]]
2026-03-09 23:11:42,717{GMT}	INFO	[jepsen worker 4] jepsen.util: 16	:info	:write	[0 4]	:net-timeout
2026-03-09 23:11:42,727{GMT}	INFO	[jepsen worker 4] jepsen.util: 22	:invoke	:write	[0 2]
2026-03-09 23:11:42,862{GMT}	INFO	[jepsen worker 5] jepsen.util: 11	:info	:cas	[0 [2 0]]	:net-timeout
2026-03-09 23:11:42,885{GMT}	INFO	[jepsen worker 5] jepsen.util: 17	:invoke	:write	[0 0]
2026-03-09 23:11:43,061{GMT}	INFO	[jepsen worker 0] jepsen.util: 0	:fail	:read	[0 nil]	:net-timeout
2026-03-09 23:11:43,061{GMT}	INFO	[jepsen worker 0] jepsen.util: 0	:invoke	:read	[0 nil]
2026-03-09 23:11:43,212{GMT}	INFO	[jepsen worker 1] jepsen.util: 1	:fail	:read	[0 nil]	:net-timeout
2026-03-09 23:11:43,213{GMT}	INFO	[jepsen worker 1] jepsen.util: 1	:invoke	:read	[0 nil]
2026-03-09 23:11:43,358{GMT}	INFO	[jepsen worker 2] jepsen.util: 2	:fail	:read	[0 nil]	:net-timeout
2026-03-09 23:11:43,359{GMT}	INFO	[jepsen worker 2] jepsen.util: 2	:invoke	:read	[0 nil]
2026-03-09 23:11:43,564{GMT}	INFO	[jepsen worker 3] jepsen.util: 15	:info	:cas	[0 [4 1]]	:net-timeout
2026-03-09 23:11:43,565{GMT}	INFO	[jepsen worker 3] jepsen.util: 21	:invoke	:cas	[0 [0 1]]
2026-03-09 23:11:43,729{GMT}	INFO	[jepsen worker 4] jepsen.util: 22	:fail	:write	[0 2]	[:abort "Server response timeout"]
2026-03-09 23:11:43,732{GMT}	INFO	[jepsen worker 4] jepsen.util: 22	:invoke	:cas	[0 [2 3]]
2026-03-09 23:11:43,874{GMT}	INFO	[jepsen worker 5] jepsen.util: 17	:fail	:write	[0 0]	[:abort "Server response timeout"]
2026-03-09 23:11:43,874{GMT}	INFO	[jepsen worker 5] jepsen.util: 17	:invoke	:write	[0 0]
2026-03-09 23:11:44,067{GMT}	INFO	[jepsen worker 0] jepsen.util: 0	:fail	:read	[0 nil]	:net-timeout
2026-03-09 23:11:44,068{GMT}	INFO	[jepsen worker 0] jepsen.util: 0	:invoke	:read	[0 nil]
2026-03-09 23:11:44,219{GMT}	INFO	[jepsen worker 1] jepsen.util: 1	:fail	:read	[0 nil]	:net-timeout
2026-03-09 23:11:44,246{GMT}	INFO	[jepsen worker 1] jepsen.util: 1	:invoke	:read	[0 nil]
2026-03-09 23:11:44,365{GMT}	INFO	[jepsen worker 2] jepsen.util: 2	:fail	:read	[0 nil]	:net-timeout
2026-03-09 23:11:44,424{GMT}	INFO	[jepsen worker 2] jepsen.util: 2	:invoke	:read	[0 nil]
2026-03-09 23:11:44,570{GMT}	INFO	[jepsen worker 3] jepsen.util: 21	:info	:cas	[0 [0 1]]	:net-timeout
2026-03-09 23:11:44,586{GMT}	INFO	[jepsen worker 3] jepsen.util: 27	:invoke	:cas	[0 [4 4]]
2026-03-09 23:11:44,734{GMT}	INFO	[jepsen worker 4] jepsen.util: 22	:info	:cas	[0 [2 3]]	:net-timeout
2026-03-09 23:11:44,735{GMT}	INFO	[jepsen worker 4] jepsen.util: 28	:invoke	:write	[0 4]
2026-03-09 23:11:44,878{GMT}	INFO	[jepsen worker 5] jepsen.util: 17	:info	:write	[0 0]	:net-timeout
2026-03-09 23:11:44,884{GMT}	INFO	[jepsen worker 5] jepsen.util: 23	:invoke	:write	[0 4]
2026-03-09 23:11:45,073{GMT}	INFO	[jepsen worker 0] jepsen.util: 0	:fail	:read	[0 nil]	:net-timeout
2026-03-09 23:11:45,074{GMT}	INFO	[jepsen worker 0] jepsen.util: 0	:invoke	:read	[0 nil]
2026-03-09 23:11:45,246{GMT}	INFO	[jepsen worker 1] jepsen.util: 1	:fail	:read	[0 nil]	[:key-does-not-exist "not found"]
2026-03-09 23:11:45,247{GMT}	INFO	[jepsen worker 1] jepsen.util: 1	:invoke	:read	[0 nil]
2026-03-09 23:11:45,391{GMT}	INFO	[jepsen worker 2] jepsen.util: 2	:fail	:read	[0 nil]	[:key-does-not-exist "not found"]
2026-03-09 23:11:45,392{GMT}	INFO	[jepsen worker 2] jepsen.util: 2	:invoke	:read	[0 nil]
2026-03-09 23:11:45,592{GMT}	INFO	[jepsen worker 3] jepsen.util: 27	:fail	:cas	[0 [4 4]]	[:key-does-not-exist "key not found"]
2026-03-09 23:11:45,592{GMT}	INFO	[jepsen worker 3] jepsen.util: 27	:invoke	:cas	[0 [4 3]]
2026-03-09 23:11:45,742{GMT}	INFO	[jepsen worker 4] jepsen.util: 28	:info	:write	[0 4]	:net-timeout
2026-03-09 23:11:45,743{GMT}	INFO	[jepsen worker 4] jepsen.util: 34	:invoke	:cas	[0 [3 0]]
2026-03-09 23:11:45,884{GMT}	INFO	[jepsen worker 5] jepsen.util: 23	:info	:write	[0 4]	:net-timeout
2026-03-09 23:11:45,884{GMT}	INFO	[jepsen worker 5] jepsen.util: 29	:invoke	:write	[0 2]
2026-03-09 23:11:46,080{GMT}	INFO	[jepsen worker 0] jepsen.util: 0	:fail	:read	[0 nil]	:net-timeout
2026-03-09 23:11:46,080{GMT}	INFO	[jepsen worker 0] jepsen.util: 0	:invoke	:read	[0 nil]
2026-03-09 23:11:46,252{GMT}	INFO	[jepsen worker 1] jepsen.util: 1	:fail	:read	[0 nil]	:net-timeout
2026-03-09 23:11:46,253{GMT}	INFO	[jepsen worker 1] jepsen.util: 1	:invoke	:read	[0 nil]
2026-03-09 23:11:46,394{GMT}	INFO	[jepsen worker 2] jepsen.util: 2	:fail	:read	[0 nil]	[:key-does-not-exist "not found"]
2026-03-09 23:11:46,444{GMT}	INFO	[jepsen worker 2] jepsen.util: 2	:invoke	:read	[0 nil]
2026-03-09 23:11:46,597{GMT}	INFO	[jepsen worker 3] jepsen.util: 27	:fail	:cas	[0 [4 3]]	[:key-does-not-exist "key not found"]
2026-03-09 23:11:46,598{GMT}	INFO	[jepsen worker 3] jepsen.util: 27	:invoke	:write	[0 4]
2026-03-09 23:11:46,746{GMT}	INFO	[jepsen worker 4] jepsen.util: 34	:info	:cas	[0 [3 0]]	:net-timeout
2026-03-09 23:11:46,791{GMT}	INFO	[jepsen worker 4] jepsen.util: 40	:invoke	:cas	[0 [1 2]]
2026-03-09 23:11:46,885{GMT}	INFO	[jepsen worker 5] jepsen.util: 29	:info	:write	[0 2]	:net-timeout
2026-03-09 23:11:46,922{GMT}	INFO	[jepsen worker 5] jepsen.util: 35	:invoke	:cas	[1 [4 2]]
2026-03-09 23:11:47,083{GMT}	INFO	[jepsen worker 0] jepsen.util: 0	:fail	:read	[0 nil]	:net-timeout
2026-03-09 23:11:47,084{GMT}	INFO	[jepsen worker 0] jepsen.util: 0	:invoke	:read	[1 nil]
2026-03-09 23:11:47,258{GMT}	INFO	[jepsen worker 1] jepsen.util: 1	:fail	:read	[0 nil]	:net-timeout
2026-03-09 23:11:47,258{GMT}	INFO	[jepsen worker 1] jepsen.util: 1	:invoke	:read	[1 nil]
2026-03-09 23:11:47,400{GMT}	INFO	[jepsen worker 2] jepsen.util: 2	:fail	:read	[0 nil]	[:key-does-not-exist "not found"]
2026-03-09 23:11:47,408{GMT}	INFO	[jepsen worker 2] jepsen.util: 2	:invoke	:read	[1 nil]
2026-03-09 23:11:47,603{GMT}	INFO	[jepsen worker 3] jepsen.util: 27	:info	:write	[0 4]	:net-timeout
2026-03-09 23:11:47,604{GMT}	INFO	[jepsen worker 3] jepsen.util: 33	:invoke	:write	[1 4]
2026-03-09 23:11:47,780{GMT}	INFO	[jepsen worker 4] jepsen.util: 40	:fail	:cas	[0 [1 2]]	[:key-does-not-exist "key not found"]
2026-03-09 23:11:47,781{GMT}	INFO	[jepsen worker 4] jepsen.util: 40	:invoke	:write	[1 4]
2026-03-09 23:11:47,905{GMT}	INFO	[jepsen worker 5] jepsen.util: 35	:fail	:cas	[1 [4 2]]	[:key-does-not-exist "key not found"]
2026-03-09 23:11:47,967{GMT}	INFO	[jepsen worker 5] jepsen.util: 35	:invoke	:write	[1 2]
2026-03-09 23:11:48,089{GMT}	INFO	[jepsen worker 0] jepsen.util: 0	:fail	:read	[1 nil]	:net-timeout
2026-03-09 23:11:48,090{GMT}	INFO	[jepsen worker 0] jepsen.util: 0	:invoke	:read	[1 nil]
2026-03-09 23:11:48,264{GMT}	INFO	[jepsen worker 1] jepsen.util: 1	:fail	:read	[1 nil]	:net-timeout
2026-03-09 23:11:48,264{GMT}	INFO	[jepsen worker 1] jepsen.util: 1	:invoke	:read	[1 nil]
2026-03-09 23:11:48,408{GMT}	INFO	[jepsen worker 2] jepsen.util: 2	:fail	:read	[1 nil]	[:key-does-not-exist "not found"]
2026-03-09 23:11:48,437{GMT}	INFO	[jepsen worker 2] jepsen.util: 2	:invoke	:read	[1 nil]
2026-03-09 23:11:48,607{GMT}	INFO	[jepsen worker 3] jepsen.util: 33	:info	:write	[1 4]	:net-timeout
2026-03-09 23:11:48,609{GMT}	INFO	[jepsen worker 3] jepsen.util: 39	:invoke	:write	[1 0]
2026-03-09 23:11:48,784{GMT}	INFO	[jepsen worker 4] jepsen.util: 40	:info	:write	[1 4]	:net-timeout
2026-03-09 23:11:48,792{GMT}	INFO	[jepsen worker 4] jepsen.util: 46	:invoke	:write	[1 0]
2026-03-09 23:11:48,912{GMT}	INFO	[jepsen worker 5] jepsen.util: 35	:fail	:write	[1 2]	[:abort "Server response timeout"]
2026-03-09 23:11:48,967{GMT}	INFO	[jepsen worker 5] jepsen.util: 35	:invoke	:cas	[1 [2 2]]
2026-03-09 23:11:49,096{GMT}	INFO	[jepsen worker 0] jepsen.util: 0	:fail	:read	[1 nil]	:net-timeout
2026-03-09 23:11:49,097{GMT}	INFO	[jepsen worker 0] jepsen.util: 0	:invoke	:read	[1 nil]
2026-03-09 23:11:49,271{GMT}	INFO	[jepsen worker 1] jepsen.util: 1	:fail	:read	[1 nil]	:net-timeout
2026-03-09 23:11:49,290{GMT}	INFO	[jepsen worker 1] jepsen.util: 1	:invoke	:read	[1 nil]
2026-03-09 23:11:49,414{GMT}	INFO	[jepsen worker 2] jepsen.util: 2	:fail	:read	[1 nil]	[:key-does-not-exist "not found"]
2026-03-09 23:11:49,414{GMT}	INFO	[jepsen worker 2] jepsen.util: 2	:invoke	:read	[1 nil]
2026-03-09 23:11:49,613{GMT}	INFO	[jepsen worker 3] jepsen.util: 39	:info	:write	[1 0]	:net-timeout
2026-03-09 23:11:49,613{GMT}	INFO	[jepsen worker 3] jepsen.util: 45	:invoke	:cas	[1 [4 4]]
2026-03-09 23:11:49,793{GMT}	INFO	[jepsen worker 4] jepsen.util: 46	:info	:write	[1 0]	:net-timeout
2026-03-09 23:11:49,793{GMT}	INFO	[jepsen worker 4] jepsen.util: 52	:invoke	:write	[1 2]
2026-03-09 23:11:49,917{GMT}	INFO	[jepsen worker 5] jepsen.util: 35	:fail	:cas	[1 [2 2]]	[:key-does-not-exist "key not found"]
2026-03-09 23:11:49,950{GMT}	INFO	[jepsen worker 5] jepsen.util: 35	:invoke	:write	[1 3]
2026-03-09 23:11:50,100{GMT}	INFO	[jepsen worker 0] jepsen.util: 0	:fail	:read	[1 nil]	:net-timeout
2026-03-09 23:11:50,142{GMT}	INFO	[jepsen worker 0] jepsen.util: 0	:invoke	:read	[1 nil]
2026-03-09 23:11:50,296{GMT}	INFO	[jepsen worker 1] jepsen.util: 1	:fail	:read	[1 nil]	:net-timeout
2026-03-09 23:11:50,297{GMT}	INFO	[jepsen worker 1] jepsen.util: 1	:invoke	:read	[1 nil]
2026-03-09 23:11:50,420{GMT}	INFO	[jepsen worker 2] jepsen.util: 2	:fail	:read	[1 nil]	:net-timeout
2026-03-09 23:11:50,421{GMT}	INFO	[jepsen worker 2] jepsen.util: 2	:invoke	:read	[1 nil]
2026-03-09 23:11:50,616{GMT}	INFO	[jepsen worker 3] jepsen.util: 45	:info	:cas	[1 [4 4]]	:net-timeout
2026-03-09 23:11:50,617{GMT}	INFO	[jepsen worker 3] jepsen.util: 51	:invoke	:write	[1 3]
2026-03-09 23:11:50,794{GMT}	INFO	[jepsen worker 4] jepsen.util: 52	:info	:write	[1 2]	:net-timeout
2026-03-09 23:11:50,794{GMT}	INFO	[jepsen worker 4] jepsen.util: 58	:invoke	:cas	[1 [1 2]]
2026-03-09 23:11:50,925{GMT}	INFO	[jepsen worker 5] jepsen.util: 35	:fail	:write	[1 3]	[:abort "Server response timeout"]
2026-03-09 23:11:50,925{GMT}	INFO	[jepsen worker 5] jepsen.util: 35	:invoke	:cas	[1 [4 2]]
2026-03-09 23:11:51,155{GMT}	INFO	[jepsen worker 0] jepsen.util: 0	:fail	:read	[1 nil]	:net-timeout
2026-03-09 23:11:51,156{GMT}	INFO	[jepsen worker 0] jepsen.util: 0	:invoke	:read	[1 nil]
2026-03-09 23:11:51,302{GMT}	INFO	[jepsen worker 1] jepsen.util: 1	:fail	:read	[1 nil]	:net-timeout
2026-03-09 23:11:51,348{GMT}	INFO	[jepsen worker 1] jepsen.util: 1	:invoke	:read	[1 nil]
2026-03-09 23:11:51,424{GMT}	INFO	[jepsen worker 2] jepsen.util: 2	:fail	:read	[1 nil]	:net-timeout
2026-03-09 23:11:51,444{GMT}	INFO	[jepsen worker 2] jepsen.util: 2	:invoke	:read	[1 nil]
2026-03-09 23:11:51,620{GMT}	INFO	[jepsen worker 3] jepsen.util: 51	:info	:write	[1 3]	:net-timeout
2026-03-09 23:11:51,621{GMT}	INFO	[jepsen worker 3] jepsen.util: 57	:invoke	:cas	[1 [3 0]]
2026-03-09 23:11:51,800{GMT}	INFO	[jepsen worker 4] jepsen.util: 58	:info	:cas	[1 [1 2]]	:net-timeout
2026-03-09 23:11:51,801{GMT}	INFO	[jepsen worker 4] jepsen.util: 64	:invoke	:write	[1 3]
2026-03-09 23:11:51,932{GMT}	INFO	[jepsen worker 5] jepsen.util: 35	:info	:cas	[1 [4 2]]	:net-timeout
2026-03-09 23:11:51,934{GMT}	INFO	[jepsen worker 5] jepsen.util: 41	:invoke	:cas	[1 [4 1]]
2026-03-09 23:11:52,160{GMT}	INFO	[jepsen worker 0] jepsen.util: 0	:fail	:read	[1 nil]	:net-timeout
2026-03-09 23:11:52,161{GMT}	INFO	[jepsen worker 0] jepsen.util: 0	:invoke	:read	[1 nil]
2026-03-09 23:11:52,317{GMT}	INFO	[jepsen worker 1] jepsen.util: 1	:fail	:read	[1 nil]	[:key-does-not-exist "not found"]
2026-03-09 23:11:52,317{GMT}	INFO	[jepsen worker 1] jepsen.util: 1	:invoke	:read	[1 nil]
2026-03-09 23:11:52,436{GMT}	INFO	[jepsen worker 2] jepsen.util: 2	:fail	:read	[1 nil]	[:key-does-not-exist "not found"]
2026-03-09 23:11:52,452{GMT}	INFO	[jepsen worker 2] jepsen.util: 2	:invoke	:read	[1 nil]
2026-03-09 23:11:52,625{GMT}	INFO	[jepsen worker 3] jepsen.util: 57	:info	:cas	[1 [3 0]]	:net-timeout
2026-03-09 23:11:52,635{GMT}	INFO	[jepsen worker 3] jepsen.util: 63	:invoke	:cas	[1 [3 0]]
2026-03-09 23:11:52,804{GMT}	INFO	[jepsen worker 4] jepsen.util: 64	:info	:write	[1 3]	:net-timeout
2026-03-09 23:11:52,805{GMT}	INFO	[jepsen worker 4] jepsen.util: 70	:invoke	:write	[1 1]
2026-03-09 23:11:52,939{GMT}	INFO	[jepsen worker 5] jepsen.util: 41	:info	:cas	[1 [4 1]]	:net-timeout
2026-03-09 23:11:52,991{GMT}	INFO	[jepsen worker 5] jepsen.util: 47	:invoke	:write	[1 1]
2026-03-09 23:11:53,166{GMT}	INFO	[jepsen worker 0] jepsen.util: 0	:fail	:read	[1 nil]	:net-timeout
2026-03-09 23:11:53,176{GMT}	INFO	[jepsen worker 0] jepsen.util: 0	:invoke	:read	[1 nil]
2026-03-09 23:11:53,321{GMT}	INFO	[jepsen worker 1] jepsen.util: 1	:fail	:read	[1 nil]	:net-timeout
2026-03-09 23:11:53,321{GMT}	INFO	[jepsen worker 1] jepsen.util: 1	:invoke	:read	[1 nil]
2026-03-09 23:11:53,445{GMT}	INFO	[jepsen worker 2] jepsen.util: 2	:fail	:read	[1 nil]	[:key-does-not-exist "not found"]
2026-03-09 23:11:53,446{GMT}	INFO	[jepsen worker 2] jepsen.util: 2	:invoke	:read	[1 nil]
2026-03-09 23:11:53,636{GMT}	INFO	[jepsen worker 3] jepsen.util: 63	:info	:cas	[1 [3 0]]	:net-timeout
2026-03-09 23:11:53,638{GMT}	INFO	[jepsen worker 3] jepsen.util: 69	:invoke	:cas	[1 [2 2]]
2026-03-09 23:11:53,812{GMT}	INFO	[jepsen worker 4] jepsen.util: 70	:info	:write	[1 1]	:net-timeout
2026-03-09 23:11:53,814{GMT}	INFO	[jepsen worker 4] jepsen.util: 76	:invoke	:write	[2 3]
2026-03-09 23:11:53,949{GMT}	INFO	[jepsen worker 5] jepsen.util: 47	:fail	:write	[1 1]	[:abort "Server response timeout"]
2026-03-09 23:11:53,949{GMT}	INFO	[jepsen worker 5] jepsen.util: 47	:invoke	:cas	[2 [2 4]]
2026-03-09 23:11:54,182{GMT}	INFO	[jepsen worker 0] jepsen.util: 0	:fail	:read	[1 nil]	:net-timeout
2026-03-09 23:11:54,182{GMT}	INFO	[jepsen worker 0] jepsen.util: 0	:invoke	:read	[2 nil]
2026-03-09 23:11:54,324{GMT}	INFO	[jepsen worker 1] jepsen.util: 1	:fail	:read	[1 nil]	:net-timeout
2026-03-09 23:11:54,324{GMT}	INFO	[jepsen worker 1] jepsen.util: 1	:invoke	:read	[2 nil]
2026-03-09 23:11:54,448{GMT}	INFO	[jepsen worker 2] jepsen.util: 2	:fail	:read	[1 nil]	:net-timeout
2026-03-09 23:11:54,500{GMT}	INFO	[jepsen worker 2] jepsen.util: 2	:invoke	:read	[2 nil]
2026-03-09 23:11:54,643{GMT}	INFO	[jepsen worker 3] jepsen.util: 69	:info	:cas	[1 [2 2]]	:net-timeout
2026-03-09 23:11:54,644{GMT}	INFO	[jepsen worker 3] jepsen.util: 75	:invoke	:cas	[2 [4 4]]
2026-03-09 23:11:54,816{GMT}	INFO	[jepsen worker 4] jepsen.util: 76	:info	:write	[2 3]	:net-timeout
2026-03-09 23:11:54,817{GMT}	INFO	[jepsen worker 4] jepsen.util: 82	:invoke	:cas	[2 [2 1]]
2026-03-09 23:11:54,950{GMT}	INFO	[jepsen worker 5] jepsen.util: 47	:info	:cas	[2 [2 4]]	:net-timeout
2026-03-09 23:11:54,950{GMT}	INFO	[jepsen worker 5] jepsen.util: 53	:invoke	:write	[2 3]
2026-03-09 23:11:55,183{GMT}	INFO	[jepsen worker 0] jepsen.util: 0	:fail	:read	[2 nil]	:net-timeout
2026-03-09 23:11:55,184{GMT}	INFO	[jepsen worker 0] jepsen.util: 0	:invoke	:read	[2 nil]
2026-03-09 23:11:55,325{GMT}	INFO	[jepsen worker 1] jepsen.util: 1	:fail	:read	[2 nil]	:net-timeout
2026-03-09 23:11:55,385{GMT}	INFO	[jepsen worker 1] jepsen.util: 1	:invoke	:read	[2 nil]
2026-03-09 23:11:55,458{GMT}	INFO	[jepsen worker 2] jepsen.util: 2	:fail	:read	[2 nil]	[:key-does-not-exist "not found"]
2026-03-09 23:11:55,580{GMT}	INFO	[jepsen worker 2] jepsen.util: 2	:invoke	:read	[2 nil]
2026-03-09 23:11:55,649{GMT}	INFO	[jepsen worker 3] jepsen.util: 75	:info	:cas	[2 [4 4]]	:net-timeout
2026-03-09 23:11:55,649{GMT}	INFO	[jepsen worker 3] jepsen.util: 81	:invoke	:cas	[2 [0 3]]
2026-03-09 23:11:55,823{GMT}	INFO	[jepsen worker 4] jepsen.util: 82	:info	:cas	[2 [2 1]]	:net-timeout
2026-03-09 23:11:55,825{GMT}	INFO	[jepsen worker 4] jepsen.util: 88	:invoke	:cas	[2 [0 1]]
2026-03-09 23:11:55,956{GMT}	INFO	[jepsen worker 5] jepsen.util: 53	:info	:write	[2 3]	:net-timeout
2026-03-09 23:11:55,981{GMT}	INFO	[jepsen worker 5] jepsen.util: 59	:invoke	:cas	[2 [3 3]]
2026-03-09 23:11:56,189{GMT}	INFO	[jepsen worker 0] jepsen.util: 0	:fail	:read	[2 nil]	:net-timeout
2026-03-09 23:11:56,190{GMT}	INFO	[jepsen worker 0] jepsen.util: 0	:invoke	:read	[2 nil]
2026-03-09 23:11:56,350{GMT}	INFO	[jepsen worker 1] jepsen.util: 1	:fail	:read	[2 nil]	[:key-does-not-exist "not found"]
2026-03-09 23:11:56,351{GMT}	INFO	[jepsen worker 1] jepsen.util: 1	:invoke	:read	[2 nil]
2026-03-09 23:11:56,468{GMT}	INFO	[jepsen worker 2] jepsen.util: 2	:fail	:read	[2 nil]	[:key-does-not-exist "not found"]
2026-03-09 23:11:56,520{GMT}	INFO	[jepsen worker 2] jepsen.util: 2	:invoke	:read	[2 nil]
2026-03-09 23:11:56,655{GMT}	INFO	[jepsen worker 3] jepsen.util: 81	:info	:cas	[2 [0 3]]	:net-timeout
2026-03-09 23:11:56,657{GMT}	INFO	[jepsen worker 3] jepsen.util: 87	:invoke	:cas	[2 [2 2]]
2026-03-09 23:11:56,827{GMT}	INFO	[jepsen worker 4] jepsen.util: 88	:info	:cas	[2 [0 1]]	:net-timeout
2026-03-09 23:11:56,827{GMT}	INFO	[jepsen worker 4] jepsen.util: 94	:invoke	:cas	[2 [1 1]]
2026-03-09 23:11:56,973{GMT}	INFO	[jepsen worker 5] jepsen.util: 59	:fail	:cas	[2 [3 3]]	[:key-does-not-exist "key not found"]
2026-03-09 23:11:56,974{GMT}	INFO	[jepsen worker 5] jepsen.util: 59	:invoke	:cas	[2 [4 1]]
2026-03-09 23:11:57,190{GMT}	INFO	[jepsen worker 0] jepsen.util: 0	:fail	:read	[2 nil]	:net-timeout
2026-03-09 23:11:57,191{GMT}	INFO	[jepsen worker 0] jepsen.util: 0	:invoke	:read	[2 nil]
2026-03-09 23:11:57,356{GMT}	INFO	[jepsen worker 1] jepsen.util: 1	:fail	:read	[2 nil]	:net-timeout
2026-03-09 23:11:57,356{GMT}	INFO	[jepsen worker 1] jepsen.util: 1	:invoke	:read	[2 nil]
2026-03-09 23:11:57,474{GMT}	INFO	[jepsen worker 2] jepsen.util: 2	:fail	:read	[2 nil]	[:key-does-not-exist "not found"]
2026-03-09 23:11:57,550{GMT}	INFO	[jepsen worker 2] jepsen.util: 2	:invoke	:read	[2 nil]
2026-03-09 23:11:57,662{GMT}	INFO	[jepsen worker 3] jepsen.util: 87	:info	:cas	[2 [2 2]]	:net-timeout
2026-03-09 23:11:57,673{GMT}	INFO	[jepsen worker 3] jepsen.util: 93	:invoke	:cas	[2 [4 3]]
2026-03-09 23:11:57,833{GMT}	INFO	[jepsen worker 4] jepsen.util: 94	:info	:cas	[2 [1 1]]	:net-timeout
2026-03-09 23:11:57,833{GMT}	INFO	[jepsen worker 4] jepsen.util: 100	:invoke	:write	[2 4]
2026-03-09 23:11:57,976{GMT}	INFO	[jepsen worker 5] jepsen.util: 59	:info	:cas	[2 [4 1]]	:net-timeout
2026-03-09 23:11:57,977{GMT}	INFO	[jepsen worker 5] jepsen.util: 65	:invoke	:cas	[2 [4 3]]
2026-03-09 23:11:58,197{GMT}	INFO	[jepsen worker 0] jepsen.util: 0	:fail	:read	[2 nil]	:net-timeout
2026-03-09 23:11:58,198{GMT}	INFO	[jepsen worker 0] jepsen.util: 0	:invoke	:read	[2 nil]
2026-03-09 23:11:58,361{GMT}	INFO	[jepsen worker 1] jepsen.util: 1	:fail	:read	[2 nil]	:net-timeout
2026-03-09 23:11:58,363{GMT}	INFO	[jepsen worker 1] jepsen.util: 1	:invoke	:read	[2 nil]
2026-03-09 23:11:58,483{GMT}	INFO	[jepsen worker 2] jepsen.util: 2	:fail	:read	[2 nil]	[:key-does-not-exist "not found"]
2026-03-09 23:11:58,483{GMT}	INFO	[jepsen worker 2] jepsen.util: 2	:invoke	:read	[2 nil]
2026-03-09 23:11:58,679{GMT}	INFO	[jepsen worker 3] jepsen.util: 93	:info	:cas	[2 [4 3]]	:net-timeout
2026-03-09 23:11:58,679{GMT}	INFO	[jepsen worker 3] jepsen.util: 99	:invoke	:write	[2 1]
2026-03-09 23:11:58,834{GMT}	INFO	[jepsen worker 4] jepsen.util: 100	:info	:write	[2 4]	:net-timeout
2026-03-09 23:11:58,835{GMT}	INFO	[jepsen worker 4] jepsen.util: 106	:invoke	:cas	[2 [0 0]]
2026-03-09 23:11:58,978{GMT}	INFO	[jepsen worker 5] jepsen.util: 65	:info	:cas	[2 [4 3]]	:net-timeout
2026-03-09 23:11:58,979{GMT}	INFO	[jepsen worker 5] jepsen.util: 71	:invoke	:write	[2 0]
2026-03-09 23:11:59,203{GMT}	INFO	[jepsen worker 0] jepsen.util: 0	:fail	:read	[2 nil]	:net-timeout
2026-03-09 23:11:59,203{GMT}	INFO	[jepsen worker 0] jepsen.util: 0	:invoke	:read	[2 nil]
2026-03-09 23:11:59,367{GMT}	INFO	[jepsen worker 1] jepsen.util: 1	:fail	:read	[2 nil]	:net-timeout
2026-03-09 23:11:59,367{GMT}	INFO	[jepsen worker 1] jepsen.util: 1	:invoke	:read	[2 nil]
2026-03-09 23:11:59,487{GMT}	INFO	[jepsen worker 2] jepsen.util: 2	:fail	:read	[2 nil]	:net-timeout
2026-03-09 23:11:59,488{GMT}	INFO	[jepsen worker 2] jepsen.util: 2	:invoke	:read	[2 nil]
2026-03-09 23:11:59,686{GMT}	INFO	[jepsen worker 3] jepsen.util: 99	:info	:write	[2 1]	:net-timeout
2026-03-09 23:11:59,687{GMT}	INFO	[jepsen worker 3] jepsen.util: 105	:invoke	:write	[3 3]
2026-03-09 23:11:59,841{GMT}	INFO	[jepsen worker 4] jepsen.util: 106	:info	:cas	[2 [0 0]]	:net-timeout
2026-03-09 23:11:59,842{GMT}	INFO	[jepsen worker 4] jepsen.util: 112	:invoke	:cas	[3 [0 2]]
2026-03-09 23:11:59,981{GMT}	INFO	[jepsen worker 5] jepsen.util: 71	:info	:write	[2 0]	:net-timeout
2026-03-09 23:11:59,981{GMT}	INFO	[jepsen worker 5] jepsen.util: 77	:invoke	:write	[3 3]
2026-03-09 23:12:00,206{GMT}	INFO	[jepsen worker 0] jepsen.util: 0	:fail	:read	[2 nil]	:net-timeout
2026-03-09 23:12:00,206{GMT}	INFO	[jepsen worker 0] jepsen.util: 0	:invoke	:read	[3 nil]
2026-03-09 23:12:00,373{GMT}	INFO	[jepsen worker 1] jepsen.util: 1	:fail	:read	[2 nil]	:net-timeout
2026-03-09 23:12:00,373{GMT}	INFO	[jepsen worker 1] jepsen.util: 1	:invoke	:read	[3 nil]
2026-03-09 23:12:00,492{GMT}	INFO	[jepsen worker 2] jepsen.util: 2	:fail	:read	[2 nil]	:net-timeout
2026-03-09 23:12:00,492{GMT}	INFO	[jepsen worker 2] jepsen.util: 2	:invoke	:read	[3 nil]
2026-03-09 23:12:00,689{GMT}	INFO	[jepsen worker 3] jepsen.util: 105	:info	:write	[3 3]	:net-timeout
2026-03-09 23:12:00,690{GMT}	INFO	[jepsen worker 3] jepsen.util: 111	:invoke	:write	[3 1]
2026-03-09 23:12:00,848{GMT}	INFO	[jepsen worker 4] jepsen.util: 112	:info	:cas	[3 [0 2]]	:net-timeout
2026-03-09 23:12:00,848{GMT}	INFO	[jepsen worker 4] jepsen.util: 118	:invoke	:cas	[3 [1 2]]
2026-03-09 23:12:00,987{GMT}	INFO	[jepsen worker 5] jepsen.util: 77	:info	:write	[3 3]	:net-timeout
2026-03-09 23:12:00,989{GMT}	INFO	[jepsen worker 5] jepsen.util: 83	:invoke	:cas	[3 [3 1]]
2026-03-09 23:12:01,211{GMT}	INFO	[jepsen worker 0] jepsen.util: 0	:fail	:read	[3 nil]	:net-timeout
2026-03-09 23:12:01,212{GMT}	INFO	[jepsen worker 0] jepsen.util: 0	:invoke	:read	[3 nil]
2026-03-09 23:12:01,378{GMT}	INFO	[jepsen worker 1] jepsen.util: 1	:fail	:read	[3 nil]	:net-timeout
2026-03-09 23:12:01,379{GMT}	INFO	[jepsen worker 1] jepsen.util: 1	:invoke	:read	[3 nil]
2026-03-09 23:12:01,495{GMT}	INFO	[jepsen worker 2] jepsen.util: 2	:fail	:read	[3 nil]	:net-timeout
2026-03-09 23:12:01,572{GMT}	INFO	[jepsen worker 2] jepsen.util: 2	:invoke	:read	[3 nil]
2026-03-09 23:12:01,696{GMT}	INFO	[jepsen worker 3] jepsen.util: 111	:info	:write	[3 1]	:net-timeout
2026-03-09 23:12:01,724{GMT}	INFO	[jepsen worker 3] jepsen.util: 117	:invoke	:cas	[3 [3 2]]
2026-03-09 23:12:01,854{GMT}	INFO	[jepsen worker 4] jepsen.util: 118	:info	:cas	[3 [1 2]]	:net-timeout
2026-03-09 23:12:01,855{GMT}	INFO	[jepsen worker 4] jepsen.util: 124	:invoke	:cas	[3 [4 1]]
2026-03-09 23:12:01,993{GMT}	INFO	[jepsen worker 5] jepsen.util: 83	:info	:cas	[3 [3 1]]	:net-timeout
2026-03-09 23:12:01,994{GMT}	INFO	[jepsen worker 5] jepsen.util: 89	:invoke	:cas	[3 [2 4]]
2026-03-09 23:12:02,217{GMT}	INFO	[jepsen worker 0] jepsen.util: 0	:fail	:read	[3 nil]	:net-timeout
2026-03-09 23:12:02,217{GMT}	INFO	[jepsen worker 0] jepsen.util: 0	:invoke	:read	[3 nil]
2026-03-09 23:12:02,281{GMT}	INFO	[Jepsen shutdown hook] jepsen.core: Downloading DB logs before JVM shutdown...
