2026-03-09 23:05:25,283{GMT}	INFO	[jepsen test runner] jepsen.core: Test version c6f93e91a319d9d3f3adbe62cadb64f7b53b436f (plus uncommitted changes)
2026-03-09 23:05:25,284{GMT}	INFO	[jepsen test runner] jepsen.core: Command line:
lein run test -w lin-kv --bin ./target/debug/maelstrom --node-count 3 --time-limit 60 --rate 10 --concurrency 2n
2026-03-09 23:05:25,344{GMT}	INFO	[jepsen test runner] jepsen.core: Running test:
{:args []
 :remote
 #jepsen.control.retry.Remote{:remote #jepsen.control.scp.Remote{:cmd-remote #jepsen.control.sshj.SSHJRemote{:concurrency-limit 6,
                                                                                                             :conn-spec nil,
                                                                                                             :client nil,
                                                                                                             :semaphore nil},
                                                                 :conn-spec nil},
                              :conn nil}
 :log-net-send false
 :node-count 3
 :availability nil
 :max-txn-length 4
 :concurrency 6
 :db
 #object[maelstrom.db$db$reify__16612
         "0x1f9b8c23"
         "maelstrom.db$db$reify__16612@1f9b8c23"]
 :max-writes-per-key 16
 :leave-db-running? false
 :name "lin-kv"
 :logging-json? false
 :start-time
 #object[org.joda.time.DateTime "0x26e74d50" "2026-03-09T23:05:25.222+01:00"]
 :nemesis-interval 10
 :net
 #object[maelstrom.net$jepsen_net$reify__15721
         "0x6bdc984"
         "maelstrom.net$jepsen_net$reify__15721@6bdc984"]
 :client
 #object[maelstrom.workload.lin_kv$client$reify__20973
         "0x1f299fc3"
         "maelstrom.workload.lin_kv$client$reify__20973@1f299fc3"]
 :barrier
 #object[java.util.concurrent.CyclicBarrier
         "0xb997735"
         "java.util.concurrent.CyclicBarrier@b997735"]
 :log-stderr false
 :pure-generators true
 :ssh {:dummy? true}
 :rate 10.0
 :checker
 #object[jepsen.checker$compose$reify__11089
         "0x178826db"
         "jepsen.checker$compose$reify__11089@178826db"]
 :argv
 ("test"
  "-w"
  "lin-kv"
  "--bin"
  "./target/debug/maelstrom"
  "--node-count"
  "3"
  "--time-limit"
  "60"
  "--rate"
  "10"
  "--concurrency"
  "2n")
 :nemesis
 (jepsen.nemesis.ReflCompose
  {:fm {:start-partition 0,
        :stop-partition 0,
        :kill 1,
        :start 1,
        :pause 1,
        :resume 1},
   :nemeses [#unprintable "jepsen.nemesis.combined$partition_nemesis$reify__16905@7f913c47"
             #unprintable "jepsen.nemesis.combined$db_nemesis$reify__16886@2c9573f1"]})
 :nodes ["n0" "n1" "n2"]
 :test-count 1
 :latency {:mean 0, :dist :constant}
 :bin "./target/debug/maelstrom"
 :generator
 #object[jepsen.util.Forgettable
         "0x37a5ac85"
         (jepsen.generator.TimeLimit
          {:limit 60000000000,
           :cutoff nil,
           :gen (jepsen.generator.Any
                 {:gens [(jepsen.generator.OnThreads
                          {:f #{:nemesis},
                           :context-filter #object[jepsen.generator.context$make_thread_filter$lazy_filter__12077
                                                   "0x239fdf8f"
                                                   "jepsen.generator.context$make_thread_filter$lazy_filter__12077@239fdf8f"],
                           :gen nil})
                         (jepsen.generator.OnThreads
                          {:f #jepsen.generator.context.AllBut{:element :nemesis},
                           :context-filter #object[jepsen.generator.context$make_thread_filter$lazy_filter__12077
                                                   "0x1acd660d"
                                                   "jepsen.generator.context$make_thread_filter$lazy_filter__12077@1acd660d"],
                           :gen (jepsen.generator.Stagger
                                 {:dt 200000000,
                                  :next-time nil,
                                  :gen (jepsen.generator.OnThreads
                                        {:f #jepsen.generator.context.AllBut{:element :nemesis},
                                         :context-filter #object[jepsen.generator.context$make_thread_filter$lazy_filter__12077
                                                                 "0x22f3b213"
                                                                 "jepsen.generator.context$make_thread_filter$lazy_filter__12077@22f3b213"],
                                         :gen (jepsen.independent.ConcurrentGenerator
                                               {:n 6,
                                                :fgen #object[jepsen.tests.linearizable_register$test$fn__17385
                                                              "0xe18848d"
                                                              "jepsen.tests.linearizable_register$test$fn__17385@e18848d"],
                                                :group->threads nil,
                                                :thread->group nil,
                                                :group->context-filter nil,
                                                :keys (0 1 2 3 4 5 6 7 ...),
                                                :gens nil})})})})]})})]
 :log-net-recv false
 :os
 #object[maelstrom.net$jepsen_os$reify__15724
         "0x22aaa811"
         "maelstrom.net$jepsen_os$reify__15724@22aaa811"]
 :time-limit 60
 :workload :lin-kv
 :consistency-models [:strict-serializable]
 :topology :grid}

2026-03-09 23:05:26,716{GMT}	INFO	[jepsen node n0] maelstrom.net: Starting Maelstrom network
2026-03-09 23:05:26,717{GMT}	INFO	[jepsen test runner] jepsen.db: Tearing down DB
2026-03-09 23:05:26,718{GMT}	INFO	[jepsen test runner] jepsen.db: Setting up DB
2026-03-09 23:05:26,718{GMT}	INFO	[jepsen node n1] maelstrom.db: Setting up n1
2026-03-09 23:05:26,718{GMT}	INFO	[jepsen node n2] maelstrom.db: Setting up n2
2026-03-09 23:05:26,718{GMT}	INFO	[jepsen node n2] maelstrom.process: launching ./target/debug/maelstrom []
2026-03-09 23:05:26,718{GMT}	INFO	[jepsen node n1] maelstrom.process: launching ./target/debug/maelstrom []
2026-03-09 23:05:26,719{GMT}	INFO	[jepsen node n0] maelstrom.service: Starting services: (lin-kv lin-tso lww-kv seq-kv)
2026-03-09 23:05:26,720{GMT}	INFO	[jepsen node n0] maelstrom.db: Setting up n0
2026-03-09 23:05:26,720{GMT}	INFO	[jepsen node n0] maelstrom.process: launching ./target/debug/maelstrom []
2026-03-09 23:05:26,766{GMT}	INFO	[jepsen test runner] jepsen.core: Relative time begins now
2026-03-09 23:05:26,780{GMT}	INFO	[jepsen worker 0] jepsen.util: 0	:invoke	:read	[0 nil]
2026-03-09 23:05:26,880{GMT}	INFO	[jepsen worker 3] jepsen.util: 3	:invoke	:write	[0 2]
2026-03-09 23:05:26,997{GMT}	INFO	[jepsen worker 2] jepsen.util: 2	:invoke	:read	[0 nil]
2026-03-09 23:05:27,135{GMT}	INFO	[jepsen worker 4] jepsen.util: 4	:invoke	:cas	[0 [1 4]]
2026-03-09 23:05:27,320{GMT}	INFO	[jepsen worker 5] jepsen.util: 5	:invoke	:cas	[0 [4 0]]
2026-03-09 23:05:27,437{GMT}	INFO	[jepsen worker 1] jepsen.util: 1	:invoke	:read	[0 nil]
2026-03-09 23:05:27,788{GMT}	INFO	[jepsen worker 0] jepsen.util: 0	:fail	:read	[0 nil]	:net-timeout
2026-03-09 23:05:27,789{GMT}	INFO	[jepsen worker 0] jepsen.util: 0	:invoke	:read	[0 nil]
2026-03-09 23:05:27,886{GMT}	INFO	[jepsen worker 3] jepsen.util: 3	:info	:write	[0 2]	:net-timeout
2026-03-09 23:05:27,887{GMT}	INFO	[jepsen worker 3] jepsen.util: 9	:invoke	:cas	[0 [0 1]]
2026-03-09 23:05:28,003{GMT}	INFO	[jepsen worker 2] jepsen.util: 2	:fail	:read	[0 nil]	:net-timeout
2026-03-09 23:05:28,071{GMT}	INFO	[jepsen worker 2] jepsen.util: 2	:invoke	:read	[0 nil]
2026-03-09 23:05:28,142{GMT}	INFO	[jepsen worker 4] jepsen.util: 4	:info	:cas	[0 [1 4]]	:net-timeout
2026-03-09 23:05:28,219{GMT}	INFO	[jepsen worker 4] jepsen.util: 10	:invoke	:cas	[0 [3 3]]
2026-03-09 23:05:28,322{GMT}	INFO	[jepsen worker 5] jepsen.util: 5	:info	:cas	[0 [4 0]]	:net-timeout
2026-03-09 23:05:28,410{GMT}	INFO	[jepsen worker 5] jepsen.util: 11	:invoke	:cas	[0 [2 4]]
2026-03-09 23:05:28,440{GMT}	INFO	[jepsen worker 1] jepsen.util: 1	:fail	:read	[0 nil]	:net-timeout
2026-03-09 23:05:28,470{GMT}	INFO	[jepsen worker 1] jepsen.util: 1	:invoke	:read	[0 nil]
2026-03-09 23:05:28,793{GMT}	INFO	[jepsen worker 0] jepsen.util: 0	:fail	:read	[0 nil]	:net-timeout
2026-03-09 23:05:28,794{GMT}	INFO	[jepsen worker 0] jepsen.util: 0	:invoke	:read	[0 nil]
2026-03-09 23:05:28,890{GMT}	INFO	[jepsen worker 3] jepsen.util: 9	:info	:cas	[0 [0 1]]	:net-timeout
2026-03-09 23:05:28,890{GMT}	INFO	[jepsen worker 3] jepsen.util: 15	:invoke	:write	[0 2]
2026-03-09 23:05:29,076{GMT}	INFO	[jepsen worker 2] jepsen.util: 2	:fail	:read	[0 nil]	:net-timeout
2026-03-09 23:05:29,076{GMT}	INFO	[jepsen worker 2] jepsen.util: 2	:invoke	:read	[0 nil]
2026-03-09 23:05:29,225{GMT}	INFO	[jepsen worker 4] jepsen.util: 10	:info	:cas	[0 [3 3]]	:net-timeout
2026-03-09 23:05:29,249{GMT}	INFO	[jepsen worker 4] jepsen.util: 16	:invoke	:cas	[0 [0 2]]
2026-03-09 23:05:29,415{GMT}	INFO	[jepsen worker 5] jepsen.util: 11	:info	:cas	[0 [2 4]]	:net-timeout
2026-03-09 23:05:29,428{GMT}	INFO	[jepsen worker 5] jepsen.util: 17	:invoke	:cas	[0 [4 1]]
2026-03-09 23:05:29,470{GMT}	INFO	[jepsen worker 1] jepsen.util: 1	:fail	:read	[0 nil]	:net-timeout
2026-03-09 23:05:29,557{GMT}	INFO	[jepsen worker 1] jepsen.util: 1	:invoke	:read	[0 nil]
2026-03-09 23:05:29,799{GMT}	INFO	[jepsen worker 0] jepsen.util: 0	:fail	:read	[0 nil]	:net-timeout
2026-03-09 23:05:29,800{GMT}	INFO	[jepsen worker 0] jepsen.util: 0	:invoke	:read	[0 nil]
2026-03-09 23:05:29,895{GMT}	INFO	[jepsen worker 3] jepsen.util: 15	:info	:write	[0 2]	:net-timeout
2026-03-09 23:05:29,896{GMT}	INFO	[jepsen worker 3] jepsen.util: 21	:invoke	:cas	[0 [3 3]]
2026-03-09 23:05:30,077{GMT}	INFO	[jepsen worker 2] jepsen.util: 2	:fail	:read	[0 nil]	:net-timeout
2026-03-09 23:05:30,077{GMT}	INFO	[jepsen worker 2] jepsen.util: 2	:invoke	:read	[0 nil]
2026-03-09 23:05:30,256{GMT}	INFO	[jepsen worker 4] jepsen.util: 16	:info	:cas	[0 [0 2]]	:net-timeout
2026-03-09 23:05:30,256{GMT}	INFO	[jepsen worker 4] jepsen.util: 22	:invoke	:cas	[0 [3 1]]
2026-03-09 23:05:30,433{GMT}	INFO	[jepsen worker 5] jepsen.util: 17	:info	:cas	[0 [4 1]]	:net-timeout
2026-03-09 23:05:30,434{GMT}	INFO	[jepsen worker 5] jepsen.util: 23	:invoke	:cas	[0 [3 4]]
2026-03-09 23:05:30,563{GMT}	INFO	[jepsen worker 1] jepsen.util: 1	:fail	:read	[0 nil]	:net-timeout
2026-03-09 23:05:30,564{GMT}	INFO	[jepsen worker 1] jepsen.util: 1	:invoke	:read	[0 nil]
2026-03-09 23:05:30,804{GMT}	INFO	[jepsen worker 0] jepsen.util: 0	:fail	:read	[0 nil]	:net-timeout
2026-03-09 23:05:30,805{GMT}	INFO	[jepsen worker 0] jepsen.util: 0	:invoke	:read	[0 nil]
2026-03-09 23:05:30,899{GMT}	INFO	[jepsen worker 3] jepsen.util: 21	:info	:cas	[0 [3 3]]	:net-timeout
2026-03-09 23:05:31,004{GMT}	INFO	[jepsen worker 3] jepsen.util: 27	:invoke	:cas	[0 [1 3]]
2026-03-09 23:05:31,083{GMT}	INFO	[jepsen worker 2] jepsen.util: 2	:fail	:read	[0 nil]	:net-timeout
2026-03-09 23:05:31,083{GMT}	INFO	[jepsen worker 2] jepsen.util: 2	:invoke	:read	[0 nil]
2026-03-09 23:05:31,258{GMT}	INFO	[jepsen worker 4] jepsen.util: 22	:info	:cas	[0 [3 1]]	:net-timeout
2026-03-09 23:05:31,259{GMT}	INFO	[jepsen worker 4] jepsen.util: 28	:invoke	:cas	[0 [3 4]]
2026-03-09 23:05:31,437{GMT}	INFO	[jepsen worker 5] jepsen.util: 23	:info	:cas	[0 [3 4]]	:net-timeout
2026-03-09 23:05:31,437{GMT}	INFO	[jepsen worker 5] jepsen.util: 29	:invoke	:cas	[0 [1 1]]
2026-03-09 23:05:31,569{GMT}	INFO	[jepsen worker 1] jepsen.util: 1	:fail	:read	[0 nil]	:net-timeout
2026-03-09 23:05:31,570{GMT}	INFO	[jepsen worker 1] jepsen.util: 1	:invoke	:read	[0 nil]
2026-03-09 23:05:31,810{GMT}	INFO	[jepsen worker 0] jepsen.util: 0	:fail	:read	[0 nil]	:net-timeout
2026-03-09 23:05:31,811{GMT}	INFO	[jepsen worker 0] jepsen.util: 0	:invoke	:read	[0 nil]
2026-03-09 23:05:32,008{GMT}	INFO	[jepsen worker 3] jepsen.util: 27	:info	:cas	[0 [1 3]]	:net-timeout
2026-03-09 23:05:32,008{GMT}	INFO	[jepsen worker 3] jepsen.util: 33	:invoke	:write	[0 0]
2026-03-09 23:05:32,086{GMT}	INFO	[jepsen worker 2] jepsen.util: 2	:fail	:read	[0 nil]	:net-timeout
2026-03-09 23:05:32,172{GMT}	INFO	[jepsen worker 2] jepsen.util: 2	:invoke	:read	[0 nil]
2026-03-09 23:05:32,265{GMT}	INFO	[jepsen worker 4] jepsen.util: 28	:info	:cas	[0 [3 4]]	:net-timeout
2026-03-09 23:05:32,370{GMT}	INFO	[jepsen worker 4] jepsen.util: 34	:invoke	:cas	[0 [4 4]]
2026-03-09 23:05:32,437{GMT}	INFO	[jepsen worker 5] jepsen.util: 29	:info	:cas	[0 [1 1]]	:net-timeout
2026-03-09 23:05:32,548{GMT}	INFO	[jepsen worker 5] jepsen.util: 35	:invoke	:cas	[1 [3 1]]
2026-03-09 23:05:32,571{GMT}	INFO	[jepsen worker 1] jepsen.util: 1	:fail	:read	[0 nil]	:net-timeout
2026-03-09 23:05:32,666{GMT}	INFO	[jepsen worker 1] jepsen.util: 1	:invoke	:read	[1 nil]
2026-03-09 23:05:32,815{GMT}	INFO	[jepsen worker 0] jepsen.util: 0	:fail	:read	[0 nil]	:net-timeout
2026-03-09 23:05:32,816{GMT}	INFO	[jepsen worker 0] jepsen.util: 0	:invoke	:read	[1 nil]
2026-03-09 23:05:33,013{GMT}	INFO	[jepsen worker 3] jepsen.util: 33	:info	:write	[0 0]	:net-timeout
2026-03-09 23:05:33,014{GMT}	INFO	[jepsen worker 3] jepsen.util: 39	:invoke	:cas	[1 [0 2]]
2026-03-09 23:05:33,177{GMT}	INFO	[jepsen worker 2] jepsen.util: 2	:fail	:read	[0 nil]	:net-timeout
2026-03-09 23:05:33,178{GMT}	INFO	[jepsen worker 2] jepsen.util: 2	:invoke	:read	[1 nil]
2026-03-09 23:05:33,371{GMT}	INFO	[jepsen worker 4] jepsen.util: 34	:info	:cas	[0 [4 4]]	:net-timeout
2026-03-09 23:05:33,371{GMT}	INFO	[jepsen worker 4] jepsen.util: 40	:invoke	:cas	[1 [4 3]]
2026-03-09 23:05:33,554{GMT}	INFO	[jepsen worker 5] jepsen.util: 35	:info	:cas	[1 [3 1]]	:net-timeout
2026-03-09 23:05:33,555{GMT}	INFO	[jepsen worker 5] jepsen.util: 41	:invoke	:cas	[1 [3 2]]
2026-03-09 23:05:33,671{GMT}	INFO	[jepsen worker 1] jepsen.util: 1	:fail	:read	[1 nil]	:net-timeout
2026-03-09 23:05:33,694{GMT}	INFO	[Jepsen shutdown hook] jepsen.core: Downloading DB logs before JVM shutdown...
